<html>
<body>
<pre>
<h1>µVision Build Log</h1>
<h2>Tool Versions:</h2>
IDE-Version: µVision V5.30.0.0
Copyright (C) 2020 ARM Ltd and ARM Germany GmbH. All rights reserved.
License Information: Kyle Mai, RMIT, LIC=----
 
Tool Versions:
Toolchain:       MDK-Lite  Version: 5.30.0.0
Toolchain Path:  C:\Keil_v5\ARM\ARMCLANG\Bin
C Compiler:      ArmClang.exe V6.14
Assembler:       Armasm.exe V6.14
Linker/Locator:  ArmLink.exe V6.14
Library Manager: ArmAr.exe V6.14
Hex Converter:   FromElf.exe V6.14
CPU DLL:         SARMCM3.DLL V5.30.0.0
Dialog DLL:      DARMCM1.DLL V1.19.3.0
Target DLL:      NULink\Nu_Link.dll V3.02
Dialog DLL:      TARMCM1.DLL V1.14.2.0
 
<h2>Project:</h2>
C:\Users\ADMIN\Documents\Code\VisualStudioCode\Assignment3_Embedded2\Question2_Indi\Question2_Indi.uvprojx
Project File Date:  01/17/2025

<h2>Output:</h2>
*** Using Compiler 'V6.14', folder: 'C:\Keil_v5\ARM\ARMCLANG\Bin'
Build target 'Target 1'
main.c(2): warning: In file included from...
C:/Keil_v5/Library/NUC100Series/Include\NUC100Series.h(150): warning: In file included from...
C:/Keil_v5/Library/CMSIS/Include\core_cm0.h(116): warning: In file included from...
C:/Keil_v5/Library/CMSIS/Include\core_cmInstr.h(406): warning: implicit conversion changes signedness: 'uint32_t' (aka 'unsigned int') to 'int32_t' (aka 'int') [-Wsign-conversion]
  return(result);
  ~~~~~~ ^~~~~~
main.c(2): warning: In file included from...
C:/Keil_v5/Library/NUC100Series/Include\NUC100Series.h(150): warning: In file included from...
C:/Keil_v5/Library/CMSIS/Include\core_cm0.h(574): warning: implicit conversion changes signedness: 'int' to 'unsigned int' [-Wsign-conversion]
    SCB->SHP[_SHP_IDX(IRQn)] = (SCB->SHP[_SHP_IDX(IRQn)] & ~(0xFF << _BIT_SHIFT(IRQn))) |
                                                         ~ ^~~~~~~~~~~~~~~~~~~~~~~~~~~
C:/Keil_v5/Library/CMSIS/Include\core_cm0.h(577): warning: implicit conversion changes signedness: 'int' to 'unsigned int' [-Wsign-conversion]
    NVIC->IP[_IP_IDX(IRQn)] = (NVIC->IP[_IP_IDX(IRQn)] & ~(0xFF << _BIT_SHIFT(IRQn))) |
                                                       ~ ^~~~~~~~~~~~~~~~~~~~~~~~~~~
C:/Keil_v5/Library/CMSIS/Include\core_cm0.h(608): warning: function 'NVIC_SystemReset' could be declared with attribute 'noreturn' [-Wmissing-noreturn]
{
^
main.c(2): warning: In file included from...
C:/Keil_v5/Library/NUC100Series/Include\NUC100Series.h(11321): warning: anonymous unions are a C11 extension [-Wc11-extensions]
    union
    ^
C:/Keil_v5/Library/NUC100Series/Include\NUC100Series.h(13605): warning: non-portable path to file '"sys.h"'; specified path differs in case from file name on disk [-Wnonportable-include-path]
#include "SYS.h"
         ^~~~~~~
         "sys.h"
C:/Keil_v5/Library/NUC100Series/Include\NUC100Series.h(13606): warning: non-portable path to file '"adc.h"'; specified path differs in case from file name on disk [-Wnonportable-include-path]
#include "ADC.h"
         ^~~~~~~
         "adc.h"
C:/Keil_v5/Library/NUC100Series/Include\NUC100Series.h(13607): warning: non-portable path to file '"fmc.h"'; specified path differs in case from file name on disk [-Wnonportable-include-path]
#include "FMC.h"
         ^~~~~~~
         "fmc.h"
main.c(2): warning: In file included from...
C:/Keil_v5/Library/NUC100Series/Include\NUC100Series.h(13607): warning: In file included from...
C:/Keil_v5/Library/StdDriver/Include\FMC.h(314): warning: implicit conversion changes signedness: 'int' to 'uint32_t' (aka 'unsigned int') [-Wsign-conversion]
    FMC->ISPADR = (u8index << 2);      /* Set UID Address. It must be word alignment. */
                ~  ~~~~~~~~^~~~
main.c(2): warning: In file included from...
C:/Keil_v5/Library/NUC100Series/Include\NUC100Series.h(13608): warning: non-portable path to file '"gpio.h"'; specified path differs in case from file name on disk [-Wnonportable-include-path]
#include "GPIO.h"
         ^~~~~~~~
         "gpio.h"
C:/Keil_v5/Library/NUC100Series/Include\NUC100Series.h(13609): warning: non-portable path to file '"i2c.h"'; specified path differs in case from file name on disk [-Wnonportable-include-path]
#include "I2C.h"
         ^~~~~~~
         "i2c.h"
C:/Keil_v5/Library/NUC100Series/Include\NUC100Series.h(13610): warning: non-portable path to file '"pwm.h"'; specified path differs in case from file name on disk [-Wnonportable-include-path]
#include "PWM.h"
         ^~~~~~~
         "pwm.h"
C:/Keil_v5/Library/NUC100Series/Include\NUC100Series.h(13611): warning: non-portable path to file '"spi.h"'; specified path differs in case from file name on disk [-Wnonportable-include-path]
#include "SPI.h"
         ^~~~~~~
         "spi.h"
C:/Keil_v5/Library/NUC100Series/Include\NUC100Series.h(13612): warning: non-portable path to file '"crc.h"'; specified path differs in case from file name on disk [-Wnonportable-include-path]
#include "CRC.h"
         ^~~~~~~
         "crc.h"
C:/Keil_v5/Library/NUC100Series/Include\NUC100Series.h(13613): warning: non-portable path to file '"timer.h"'; specified path differs in case from file name on disk [-Wnonportable-include-path]
#include "TIMER.h"
         ^~~~~~~~~
         "timer.h"
C:/Keil_v5/Library/NUC100Series/Include\NUC100Series.h(13614): warning: non-portable path to file '"wdt.h"'; specified path differs in case from file name on disk [-Wnonportable-include-path]
#include "WDT.h"
         ^~~~~~~
         "wdt.h"
C:/Keil_v5/Library/NUC100Series/Include\NUC100Series.h(13615): warning: non-portable path to file '"wwdt.h"'; specified path differs in case from file name on disk [-Wnonportable-include-path]
#include "WWDT.h"
         ^~~~~~~~
         "wwdt.h"
C:/Keil_v5/Library/NUC100Series/Include\NUC100Series.h(13616): warning: non-portable path to file '"rtc.h"'; specified path differs in case from file name on disk [-Wnonportable-include-path]
#include "RTC.h"
         ^~~~~~~
         "rtc.h"
C:/Keil_v5/Library/NUC100Series/Include\NUC100Series.h(13617): warning: non-portable path to file '"uart.h"'; specified path differs in case from file name on disk [-Wnonportable-include-path]
#include "UART.h"
         ^~~~~~~~
         "uart.h"
C:/Keil_v5/Library/NUC100Series/Include\NUC100Series.h(13618): warning: non-portable path to file '"i2s.h"'; specified path differs in case from file name on disk [-Wnonportable-include-path]
#include "I2S.h"
         ^~~~~~~
         "i2s.h"
C:/Keil_v5/Library/NUC100Series/Include\NUC100Series.h(13619): warning: non-portable path to file '"can.h"'; specified path differs in case from file name on disk [-Wnonportable-include-path]
#include "CAN.h"
         ^~~~~~~
         "can.h"
C:/Keil_v5/Library/NUC100Series/Include\NUC100Series.h(13620): warning: non-portable path to file '"usbd.h"'; specified path differs in case from file name on disk [-Wnonportable-include-path]
#include "USBD.h"
         ^~~~~~~~
         "usbd.h"
main.c(2): warning: In file included from...
C:/Keil_v5/Library/NUC100Series/Include\NUC100Series.h(13620): warning: In file included from...
C:/Keil_v5/Library/StdDriver/Include\USBD.h(638): warning: variable 'u32CfgAddr' may be uninitialized when used here [-Wconditional-uninitialized]
    return ((*((__IO uint32_t *)(u32CfgAddr))) & USBD_CFGP_SSTALL);
                                 ^~~~~~~~~~
C:/Keil_v5/Library/StdDriver/Include\USBD.h(622): note: initialize the variable 'u32CfgAddr' to silence this warning
    uint32_t u32CfgAddr;
                       ^
                        = 0
main.c(2): warning: In file included from...
C:/Keil_v5/Library/NUC100Series/Include\NUC100Series.h(13621): warning: non-portable path to file '"pdma.h"'; specified path differs in case from file name on disk [-Wnonportable-include-path]
#include "PDMA.h"
         ^~~~~~~~
         "pdma.h"
C:/Keil_v5/Library/NUC100Series/Include\NUC100Series.h(13622): warning: non-portable path to file '"sc.h"'; specified path differs in case from file name on disk [-Wnonportable-include-path]
#include "SC.h"
         ^~~~~~
         "sc.h"
C:/Keil_v5/Library/NUC100Series/Include\NUC100Series.h(13623): warning: non-portable path to file '"ps2.h"'; specified path differs in case from file name on disk [-Wnonportable-include-path]
#include "PS2.h"
         ^~~~~~~
         "ps2.h"
C:/Keil_v5/Library/NUC100Series/Include\NUC100Series.h(13624): warning: non-portable path to file '"clk.h"'; specified path differs in case from file name on disk [-Wnonportable-include-path]
#include "CLK.h"
         ^~~~~~~
         "clk.h"
C:/Keil_v5/Library/NUC100Series/Include\NUC100Series.h(13625): warning: non-portable path to file '"acmp.h"'; specified path differs in case from file name on disk [-Wnonportable-include-path]
#include "ACMP.h"
         ^~~~~~~~
         "acmp.h"
main.c(4): warning: In file included from...
./DisplayNumber.h(8): warning: implicit conversion changes signedness: 'int' to 'unsigned int' [-Wsign-conversion]
        PC->DOUT &= ~(1 << 5); // U13
                 ~~ ^~~~~~~~~
./DisplayNumber.h(9): warning: implicit conversion changes signedness: 'int' to 'unsigned int' [-Wsign-conversion]
        PC->DOUT &= ~(1 << 6); // U12
                 ~~ ^~~~~~~~~
./DisplayNumber.h(10): warning: implicit conversion changes signedness: 'int' to 'unsigned int' [-Wsign-conversion]
        PC->DOUT &= ~(1 << 7);  // U11
                 ~~ ^~~~~~~~~
./DisplayNumber.h(6): warning: no previous prototype for function 'turnOnU14' [-Wmissing-prototypes]
void turnOnU14(){
     ^
./DisplayNumber.h(6): note: declare 'static' if the function is not intended to be used outside of this translation unit
void turnOnU14(){
^
static 
./DisplayNumber.h(13): warning: no previous prototype for function 'turnOffDigit' [-Wmissing-prototypes]
void turnOffDigit(){
     ^
./DisplayNumber.h(13): note: declare 'static' if the function is not intended to be used outside of this translation unit
void turnOffDigit(){
^
static 
./DisplayNumber.h(26): warning: implicit conversion changes signedness: 'int' to 'unsigned int' [-Wsign-conversion]
        PE->DOUT &= ~(1 << 0); // segment c
                 ~~ ^~~~~~~~~
./DisplayNumber.h(28): warning: implicit conversion changes signedness: 'int' to 'unsigned int' [-Wsign-conversion]
        PE->DOUT &= ~(1 << 2); // segment f
                 ~~ ^~~~~~~~~
./DisplayNumber.h(29): warning: implicit conversion changes signedness: 'int' to 'unsigned int' [-Wsign-conversion]
        PE->DOUT &= ~(1 << 3); // segment a
                 ~~ ^~~~~~~~~
./DisplayNumber.h(30): warning: implicit conversion changes signedness: 'int' to 'unsigned int' [-Wsign-conversion]
        PE->DOUT &= ~(1 << 4); // segment b
                 ~~ ^~~~~~~~~
./DisplayNumber.h(31): warning: implicit conversion changes signedness: 'int' to 'unsigned int' [-Wsign-conversion]
        PE->DOUT &= ~(1 << 5); // segment d
                 ~~ ^~~~~~~~~
./DisplayNumber.h(32): warning: implicit conversion changes signedness: 'int' to 'unsigned int' [-Wsign-conversion]
        PE->DOUT &= ~(1 << 6); // segment e
                 ~~ ^~~~~~~~~
./DisplayNumber.h(25): warning: no previous prototype for function 'displayZero' [-Wmissing-prototypes]
void displayZero(){
     ^
./DisplayNumber.h(25): note: declare 'static' if the function is not intended to be used outside of this translation unit
void displayZero(){
^
static 
./DisplayNumber.h(37): warning: implicit conversion changes signedness: 'int' to 'unsigned int' [-Wsign-conversion]
        PE->DOUT &= ~(1 << 0); // segment c
                 ~~ ^~~~~~~~~
./DisplayNumber.h(41): warning: implicit conversion changes signedness: 'int' to 'unsigned int' [-Wsign-conversion]
        PE->DOUT &= ~(1 << 4); // segment b
                 ~~ ^~~~~~~~~
./DisplayNumber.h(36): warning: no previous prototype for function 'displayOne' [-Wmissing-prototypes]
void displayOne(){
     ^
./DisplayNumber.h(36): note: declare 'static' if the function is not intended to be used outside of this translation unit
void displayOne(){
^
static 
./DisplayNumber.h(52): warning: implicit conversion changes signedness: 'int' to 'unsigned int' [-Wsign-conversion]
        PE->DOUT &= ~(1 << 3); // segment a
                 ~~ ^~~~~~~~~
./DisplayNumber.h(53): warning: implicit conversion changes signedness: 'int' to 'unsigned int' [-Wsign-conversion]
        PE->DOUT &= ~(1 << 4); // segment b
                 ~~ ^~~~~~~~~
./DisplayNumber.h(54): warning: implicit conversion changes signedness: 'int' to 'unsigned int' [-Wsign-conversion]
        PE->DOUT &= ~(1 << 5); // segment d
                 ~~ ^~~~~~~~~
./DisplayNumber.h(55): warning: implicit conversion changes signedness: 'int' to 'unsigned int' [-Wsign-conversion]
        PE->DOUT &= ~(1 << 6); // segment e
                 ~~ ^~~~~~~~~
./DisplayNumber.h(56): warning: implicit conversion changes signedness: 'int' to 'unsigned int' [-Wsign-conversion]
        PE->DOUT &= ~(1 << 7); // segment g
                 ~~ ^~~~~~~~~
./DisplayNumber.h(48): warning: no previous prototype for function 'displayTwo' [-Wmissing-prototypes]
void displayTwo(){
     ^
./DisplayNumber.h(48): note: declare 'static' if the function is not intended to be used outside of this translation unit
void displayTwo(){
^
static 
./DisplayNumber.h(61): warning: implicit conversion changes signedness: 'int' to 'unsigned int' [-Wsign-conversion]
        PE->DOUT &= ~(1 << 0); // segment c
                 ~~ ^~~~~~~~~
./DisplayNumber.h(64): warning: implicit conversion changes signedness: 'int' to 'unsigned int' [-Wsign-conversion]
        PE->DOUT &= ~(1 << 3); // segment a
                 ~~ ^~~~~~~~~
./DisplayNumber.h(65): warning: implicit conversion changes signedness: 'int' to 'unsigned int' [-Wsign-conversion]
        PE->DOUT &= ~(1 << 4); // segment b
                 ~~ ^~~~~~~~~
./DisplayNumber.h(66): warning: implicit conversion changes signedness: 'int' to 'unsigned int' [-Wsign-conversion]
        PE->DOUT &= ~(1 << 5); // segment d
                 ~~ ^~~~~~~~~
./DisplayNumber.h(68): warning: implicit conversion changes signedness: 'int' to 'unsigned int' [-Wsign-conversion]
        PE->DOUT &= ~(1 << 7); // segment g
                 ~~ ^~~~~~~~~
./DisplayNumber.h(60): warning: no previous prototype for function 'displayThree' [-Wmissing-prototypes]
void displayThree(){
     ^
./DisplayNumber.h(60): note: declare 'static' if the function is not intended to be used outside of this translation unit
void displayThree(){
^
static 
./DisplayNumber.h(73): warning: implicit conversion changes signedness: 'int' to 'unsigned int' [-Wsign-conversion]
        PE->DOUT &= ~(1 << 0); // segment c
                 ~~ ^~~~~~~~~
./DisplayNumber.h(75): warning: implicit conversion changes signedness: 'int' to 'unsigned int' [-Wsign-conversion]
        PE->DOUT &= ~(1 << 2); // segment f
                 ~~ ^~~~~~~~~
./DisplayNumber.h(77): warning: implicit conversion changes signedness: 'int' to 'unsigned int' [-Wsign-conversion]
        PE->DOUT &= ~(1 << 4); // segment b
                 ~~ ^~~~~~~~~
./DisplayNumber.h(80): warning: implicit conversion changes signedness: 'int' to 'unsigned int' [-Wsign-conversion]
        PE->DOUT &= ~(1 << 7); // segment g
                 ~~ ^~~~~~~~~
./DisplayNumber.h(72): warning: no previous prototype for function 'displayFour' [-Wmissing-prototypes]
void displayFour(){
     ^
./DisplayNumber.h(72): note: declare 'static' if the function is not intended to be used outside of this translation unit
void displayFour(){
^
static 
./DisplayNumber.h(85): warning: implicit conversion changes signedness: 'int' to 'unsigned int' [-Wsign-conversion]
        PE->DOUT &= ~(1 << 0); // segment c
                 ~~ ^~~~~~~~~
./DisplayNumber.h(87): warning: implicit conversion changes signedness: 'int' to 'unsigned int' [-Wsign-conversion]
        PE->DOUT &= ~(1 << 2); // segment f
                 ~~ ^~~~~~~~~
./DisplayNumber.h(88): warning: implicit conversion changes signedness: 'int' to 'unsigned int' [-Wsign-conversion]
        PE->DOUT &= ~(1 << 3); // segment a
                 ~~ ^~~~~~~~~
./DisplayNumber.h(90): warning: implicit conversion changes signedness: 'int' to 'unsigned int' [-Wsign-conversion]
        PE->DOUT &= ~(1 << 5); // segment d
                 ~~ ^~~~~~~~~
./DisplayNumber.h(92): warning: implicit conversion changes signedness: 'int' to 'unsigned int' [-Wsign-conversion]
        PE->DOUT &= ~(1 << 7); // segment g
                 ~~ ^~~~~~~~~
./DisplayNumber.h(84): warning: no previous prototype for function 'displayFive' [-Wmissing-prototypes]
void displayFive(){
     ^
./DisplayNumber.h(84): note: declare 'static' if the function is not intended to be used outside of this translation unit
void displayFive(){
^
static 
./DisplayNumber.h(97): warning: implicit conversion changes signedness: 'int' to 'unsigned int' [-Wsign-conversion]
        PE->DOUT &= ~(1 << 0); // segment c
                 ~~ ^~~~~~~~~
./DisplayNumber.h(99): warning: implicit conversion changes signedness: 'int' to 'unsigned int' [-Wsign-conversion]
        PE->DOUT &= ~(1 << 2); // segment f
                 ~~ ^~~~~~~~~
./DisplayNumber.h(100): warning: implicit conversion changes signedness: 'int' to 'unsigned int' [-Wsign-conversion]
        PE->DOUT &= ~(1 << 3); // segment a
                 ~~ ^~~~~~~~~
./DisplayNumber.h(102): warning: implicit conversion changes signedness: 'int' to 'unsigned int' [-Wsign-conversion]
        PE->DOUT &= ~(1 << 5); // segment d
                 ~~ ^~~~~~~~~
./DisplayNumber.h(103): warning: implicit conversion changes signedness: 'int' to 'unsigned int' [-Wsign-conversion]
        PE->DOUT &= ~(1 << 6); // segment e
                 ~~ ^~~~~~~~~
./DisplayNumber.h(104): warning: implicit conversion changes signedness: 'int' to 'unsigned int' [-Wsign-conversion]
        PE->DOUT &= ~(1 << 7); // segment g
                 ~~ ^~~~~~~~~
./DisplayNumber.h(96): warning: no previous prototype for function 'displaySix' [-Wmissing-prototypes]
void displaySix(){
     ^
./DisplayNumber.h(96): note: declare 'static' if the function is not intended to be used outside of this translation unit
void displaySix(){
^
static 
./DisplayNumber.h(108): warning: implicit conversion changes signedness: 'int' to 'unsigned int' [-Wsign-conversion]
        PE->DOUT &= ~(1 << 0); // segment c
                 ~~ ^~~~~~~~~
./DisplayNumber.h(111): warning: implicit conversion changes signedness: 'int' to 'unsigned int' [-Wsign-conversion]
        PE->DOUT &= ~(1 << 3); // segment a
                 ~~ ^~~~~~~~~
./DisplayNumber.h(112): warning: implicit conversion changes signedness: 'int' to 'unsigned int' [-Wsign-conversion]
        PE->DOUT &= ~(1 << 4); // segment b
                 ~~ ^~~~~~~~~
./DisplayNumber.h(107): warning: no previous prototype for function 'displaySeven' [-Wmissing-prototypes]
void displaySeven(){
     ^
./DisplayNumber.h(107): note: declare 'static' if the function is not intended to be used outside of this translation unit
void displaySeven(){
^
static 
./DisplayNumber.h(120): warning: implicit conversion changes signedness: 'int' to 'unsigned int' [-Wsign-conversion]
        PE->DOUT &= ~(1 << 0); // segment c
                 ~~ ^~~~~~~~~
./DisplayNumber.h(122): warning: implicit conversion changes signedness: 'int' to 'unsigned int' [-Wsign-conversion]
        PE->DOUT &= ~(1 << 2); // segment f
                 ~~ ^~~~~~~~~
./DisplayNumber.h(123): warning: implicit conversion changes signedness: 'int' to 'unsigned int' [-Wsign-conversion]
        PE->DOUT &= ~(1 << 3); // segment a
                 ~~ ^~~~~~~~~
./DisplayNumber.h(124): warning: implicit conversion changes signedness: 'int' to 'unsigned int' [-Wsign-conversion]
        PE->DOUT &= ~(1 << 4); // segment b
                 ~~ ^~~~~~~~~
./DisplayNumber.h(125): warning: implicit conversion changes signedness: 'int' to 'unsigned int' [-Wsign-conversion]
        PE->DOUT &= ~(1 << 5); // segment d
                 ~~ ^~~~~~~~~
./DisplayNumber.h(126): warning: implicit conversion changes signedness: 'int' to 'unsigned int' [-Wsign-conversion]
        PE->DOUT &= ~(1 << 6); // segment e
                 ~~ ^~~~~~~~~
./DisplayNumber.h(127): warning: implicit conversion changes signedness: 'int' to 'unsigned int' [-Wsign-conversion]
        PE->DOUT &= ~(1 << 7); // segment g
                 ~~ ^~~~~~~~~
./DisplayNumber.h(119): warning: no previous prototype for function 'displayEight' [-Wmissing-prototypes]
void displayEight(){
     ^
./DisplayNumber.h(119): note: declare 'static' if the function is not intended to be used outside of this translation unit
void displayEight(){
^
static 
./DisplayNumber.h(131): warning: implicit conversion changes signedness: 'int' to 'unsigned int' [-Wsign-conversion]
        PE->DOUT &= ~(1 << 0); // segment c
                 ~~ ^~~~~~~~~
./DisplayNumber.h(133): warning: implicit conversion changes signedness: 'int' to 'unsigned int' [-Wsign-conversion]
        PE->DOUT &= ~(1 << 2); // segment f
                 ~~ ^~~~~~~~~
./DisplayNumber.h(134): warning: implicit conversion changes signedness: 'int' to 'unsigned int' [-Wsign-conversion]
        PE->DOUT &= ~(1 << 3); // segment a
                 ~~ ^~~~~~~~~
./DisplayNumber.h(135): warning: implicit conversion changes signedness: 'int' to 'unsigned int' [-Wsign-conversion]
        PE->DOUT &= ~(1 << 4); // segment b
                 ~~ ^~~~~~~~~
./DisplayNumber.h(136): warning: implicit conversion changes signedness: 'int' to 'unsigned int' [-Wsign-conversion]
        PE->DOUT &= ~(1 << 5); // segment d
                 ~~ ^~~~~~~~~
./DisplayNumber.h(138): warning: implicit conversion changes signedness: 'int' to 'unsigned int' [-Wsign-conversion]
        PE->DOUT &= ~(1 << 7); // segment g
                 ~~ ^~~~~~~~~
./DisplayNumber.h(130): warning: no previous prototype for function 'displayNine' [-Wmissing-prototypes]
void displayNine(){
     ^
./DisplayNumber.h(130): note: declare 'static' if the function is not intended to be used outside of this translation unit
void displayNine(){
^
static 
./DisplayNumber.h(142): warning: no previous prototype for function 'updateDigit' [-Wmissing-prototypes]
void updateDigit(int count){
     ^
./DisplayNumber.h(142): note: declare 'static' if the function is not intended to be used outside of this translation unit
void updateDigit(int count){
^
static 
./DisplayNumber.h(181): warning: no previous prototype for function 'showNumbers' [-Wmissing-prototypes]
void showNumbers(int countU14){
     ^
./DisplayNumber.h(181): note: declare 'static' if the function is not intended to be used outside of this translation unit
void showNumbers(int countU14){
^
static 
main.c(13): warning: no previous extern declaration for non-static variable 'U14_number' [-Wmissing-variable-declarations]
volatile int U14_number = 0;
             ^
main.c(13): note: declare 'static' if the variable is not intended to be used outside of this translation unit
volatile int U14_number = 0;
         ^
main.c(16): warning: no previous extern declaration for non-static variable 'state' [-Wmissing-variable-declarations]
enum u14_state state = ON;
               ^
main.c(16): note: declare 'static' if the variable is not intended to be used outside of this translation unit
enum u14_state state = ON;
^
main.c(35): warning: implicit conversion changes signedness: 'int' to 'unsigned int' [-Wsign-conversion]
        CLK->CLKSEL0 &= ~(0x7 << 0);
                     ~~ ^~~~~~~~~~~
main.c(37): warning: implicit conversion changes signedness: 'int' to 'unsigned int' [-Wsign-conversion]
        CLK->PWRCON &= ~(1 << 7);
                    ~~ ^~~~~~~~~
main.c(39): warning: implicit conversion changes signedness: 'int' to 'unsigned int' [-Wsign-conversion]
        CLK->CLKDIV &= ~(0xF << 0);
                    ~~ ^~~~~~~~~~~
main.c(40): warning: binary integer literals are a GNU extension [-Wgnu-binary-literal]
        CLK->CLKDIV |= (0b10 << 0);
                        ^
main.c(44): warning: implicit conversion changes signedness: 'int' to 'unsigned int' [-Wsign-conversion]
        CLK->CLKSEL1 &= ~(0x7 << 20);
                     ~~ ^~~~~~~~~~~~
main.c(45): warning: binary integer literals are a GNU extension [-Wgnu-binary-literal]
        CLK->CLKSEL1 |= (0b010 << 20);
                         ^
main.c(49): warning: implicit conversion changes signedness: 'int' to 'unsigned int' [-Wsign-conversion]
        TIMER3->TCSR &= ~(0xFF << 0);
                     ~~ ^~~~~~~~~~~~
main.c(52): warning: implicit conversion changes signedness: 'int' to 'unsigned int' [-Wsign-conversion]
        TIMER3->TCSR &= ~(0x3 << 27);
                     ~~ ^~~~~~~~~~~~
main.c(54): warning: implicit conversion changes signedness: 'int' to 'unsigned int' [-Wsign-conversion]
        TIMER3->TCSR &= ~(1 << 24);
                     ~~ ^~~~~~~~~~
main.c(61): warning: binary integer literals are a GNU extension [-Wgnu-binary-literal]
        NVIC->IP[2] &= ~(0b11 << 30);
                         ^
main.c(61): warning: signed shift result (0xC0000000) sets the sign bit of the shift expression's type ('int') and becomes negative [-Wshift-sign-overflow]
        NVIC->IP[2] &= ~(0b11 << 30);
                         ~~~~ ^  ~~
main.c(69): warning: implicit conversion changes signedness: 'int' to 'unsigned int' [-Wsign-conversion]
        PE->PMD &= ~(0xFFFF << 0);
                ~~ ^~~~~~~~~~~~~~
main.c(70): warning: binary integer literals are a GNU extension [-Wgnu-binary-literal]
        PE->PMD |= 0b0101010101010101<<0; 
                   ^
main.c(72): warning: binary integer literals are a GNU extension [-Wgnu-binary-literal]
        PB->PMD &= ~(0b11ul<<30);
                     ^
main.c(76): warning: binary integer literals are a GNU extension [-Wgnu-binary-literal]
        NVIC->IP[0] &= ~(0b11 << 30);
                         ^
main.c(76): warning: signed shift result (0xC0000000) sets the sign bit of the shift expression's type ('int') and becomes negative [-Wshift-sign-overflow]
        NVIC->IP[0] &= ~(0b11 << 30);
                         ~~~~ ^  ~~
main.c(79): warning: no previous prototype for function 'TMR3_IRQHandler' [-Wmissing-prototypes]
void TMR3_IRQHandler(void) {
     ^
main.c(79): note: declare 'static' if the function is not intended to be used outside of this translation unit
void TMR3_IRQHandler(void) {
^
static 
main.c(92): warning: no previous prototype for function 'EINT1_IRQHandler' [-Wmissing-prototypes]
void EINT1_IRQHandler(void){
     ^
main.c(92): note: declare 'static' if the function is not intended to be used outside of this translation unit
void EINT1_IRQHandler(void){
^
static 
114 warnings generated.
compiling main.c...
linking...
Program Size: Code=1716 RO-data=224 RW-data=44 ZI-data=1128  
".\Objects\Question2_Indi.axf" - 0 Error(s), 114 Warning(s).

<h2>Software Packages used:</h2>

Package Vendor: Nuvoton
                https://github.com/OpenNuvoton/cmsis-packs/raw/master/Nuvoton_DFP/Nuvoton.NuMicro_DFP.1.3.16.pack
                Nuvoton.NuMicro_DFP.1.3.16
                Nuvoton ARM Cortex-M NuMicro Family Device Support

<h2>Collection of Component include folders:</h2>
  .\RTE\_Target_1
  C:\Keil_v5\Packs\Nuvoton\NuMicro_DFP\1.3.16\Device\NUC100\Include

<h2>Collection of Component Files used:</h2>
Build Time Elapsed:  00:00:01
</pre>
</body>
</html>
