Component: ARM Compiler 6.14 Tool: armlink [5db06800]

==============================================================================

Section Cross References

    main.o(.ARM.exidx.text.enableClockSource) refers to main.o(.text.enableClockSource) for [Anonymous Symbol]
    main.o(.ARM.exidx.text.setupGPIO) refers to main.o(.text.setupGPIO) for [Anonymous Symbol]
    main.o(.ARM.exidx.text.enableTimer0) refers to main.o(.text.enableTimer0) for [Anonymous Symbol]
    main.o(.ARM.exidx.text.turnOnU14) refers to main.o(.text.turnOnU14) for [Anonymous Symbol]
    main.o(.ARM.exidx.text.turnOnU13) refers to main.o(.text.turnOnU13) for [Anonymous Symbol]
    main.o(.ARM.exidx.text.turnOnU12) refers to main.o(.text.turnOnU12) for [Anonymous Symbol]
    main.o(.ARM.exidx.text.turnOnU11) refers to main.o(.text.turnOnU11) for [Anonymous Symbol]
    main.o(.ARM.exidx.text.turnOffDigit) refers to main.o(.text.turnOffDigit) for [Anonymous Symbol]
    main.o(.ARM.exidx.text.displayZero) refers to main.o(.text.displayZero) for [Anonymous Symbol]
    main.o(.ARM.exidx.text.displayOne) refers to main.o(.text.displayOne) for [Anonymous Symbol]
    main.o(.ARM.exidx.text.displayTwo) refers to main.o(.text.displayTwo) for [Anonymous Symbol]
    main.o(.ARM.exidx.text.displayThree) refers to main.o(.text.displayThree) for [Anonymous Symbol]
    main.o(.ARM.exidx.text.displayFour) refers to main.o(.text.displayFour) for [Anonymous Symbol]
    main.o(.ARM.exidx.text.displayFive) refers to main.o(.text.displayFive) for [Anonymous Symbol]
    main.o(.ARM.exidx.text.displaySix) refers to main.o(.text.displaySix) for [Anonymous Symbol]
    main.o(.ARM.exidx.text.displaySeven) refers to main.o(.text.displaySeven) for [Anonymous Symbol]
    main.o(.ARM.exidx.text.displayEight) refers to main.o(.text.displayEight) for [Anonymous Symbol]
    main.o(.ARM.exidx.text.displayNine) refers to main.o(.text.displayNine) for [Anonymous Symbol]
    main.o(.text.updateDigit) refers to main.o(.text.displayZero) for displayZero
    main.o(.text.updateDigit) refers to main.o(.text.displayOne) for displayOne
    main.o(.text.updateDigit) refers to main.o(.text.displayTwo) for displayTwo
    main.o(.text.updateDigit) refers to main.o(.text.displayThree) for displayThree
    main.o(.text.updateDigit) refers to main.o(.text.displayFour) for displayFour
    main.o(.text.updateDigit) refers to main.o(.text.displayFive) for displayFive
    main.o(.text.updateDigit) refers to main.o(.text.displaySix) for displaySix
    main.o(.text.updateDigit) refers to main.o(.text.displaySeven) for displaySeven
    main.o(.text.updateDigit) refers to main.o(.text.displayNine) for displayNine
    main.o(.text.updateDigit) refers to main.o(.text.displayEight) for displayEight
    main.o(.ARM.exidx.text.updateDigit) refers to main.o(.text.updateDigit) for [Anonymous Symbol]
    main.o(.text.showNumbers) refers to main.o(.text.turnOnU14) for turnOnU14
    main.o(.text.showNumbers) refers to main.o(.text.turnOnU13) for turnOnU13
    main.o(.text.showNumbers) refers to main.o(.text.turnOnU12) for turnOnU12
    main.o(.text.showNumbers) refers to main.o(.text.turnOnU11) for turnOnU11
    main.o(.text.showNumbers) refers to main.o(.text.updateDigit) for updateDigit
    main.o(.text.showNumbers) refers to main.o(.text.turnOffDigit) for turnOffDigit
    main.o(.ARM.exidx.text.showNumbers) refers to main.o(.text.showNumbers) for [Anonymous Symbol]
    main.o(.ARM.exidx.text.setupKeyMatrix) refers to main.o(.text.setupKeyMatrix) for [Anonymous Symbol]
    main.o(.ARM.exidx.text.startCount) refers to main.o(.text.startCount) for [Anonymous Symbol]
    main.o(.ARM.exidx.text.pauseCount) refers to main.o(.text.pauseCount) for [Anonymous Symbol]
    main.o(.text.checkStateForClock) refers to main.o(.data.state) for state
    main.o(.ARM.exidx.text.checkStateForClock) refers to main.o(.text.checkStateForClock) for [Anonymous Symbol]
    main.o(.text.saveToHistory) refers to aeabi_sdiv.o(.text) for __aeabi_idivmod
    main.o(.text.saveToHistory) refers to main.o(.bss..L_MergedGlobals) for [Anonymous Symbol]
    main.o(.ARM.exidx.text.saveToHistory) refers to main.o(.text.saveToHistory) for [Anonymous Symbol]
    main.o(.text.resetCounters) refers to main.o(.bss..L_MergedGlobals) for [Anonymous Symbol]
    main.o(.ARM.exidx.text.resetCounters) refers to main.o(.text.resetCounters) for [Anonymous Symbol]
    main.o(.text.enterDisplay) refers to main.o(.bss..L_MergedGlobals) for [Anonymous Symbol]
    main.o(.ARM.exidx.text.enterDisplay) refers to main.o(.text.enterDisplay) for [Anonymous Symbol]
    main.o(.text.exitDisplay) refers to main.o(.bss..L_MergedGlobals) for [Anonymous Symbol]
    main.o(.ARM.exidx.text.exitDisplay) refers to main.o(.text.exitDisplay) for [Anonymous Symbol]
    main.o(.text.displayLapsRecord) refers to main.o(.bss..L_MergedGlobals) for [Anonymous Symbol]
    main.o(.ARM.exidx.text.displayLapsRecord) refers to main.o(.text.displayLapsRecord) for [Anonymous Symbol]
    main.o(.text.main) refers to main.o(.text.enableClockSource) for enableClockSource
    main.o(.text.main) refers to main.o(.text.setupKeyMatrix) for setupKeyMatrix
    main.o(.text.main) refers to main.o(.text.setupGPIO) for setupGPIO
    main.o(.text.main) refers to main.o(.text.enableTimer0) for enableTimer0
    main.o(.text.main) refers to main.o(.text.checkStateForClock) for checkStateForClock
    main.o(.text.main) refers to main.o(.text.showNumbers) for showNumbers
    main.o(.text.main) refers to main.o(.text.resetCounters) for resetCounters
    main.o(.text.main) refers to main.o(.text.saveToHistory) for saveToHistory
    main.o(.text.main) refers to main.o(.text.exitDisplay) for exitDisplay
    main.o(.text.main) refers to main.o(.text.enterDisplay) for enterDisplay
    main.o(.text.main) refers to main.o(.text.displayLapsRecord) for displayLapsRecord
    main.o(.text.main) refers to main.o(.data.state) for state
    main.o(.text.main) refers to main.o(.bss..L_MergedGlobals) for [Anonymous Symbol]
    main.o(.ARM.exidx.text.main) refers to main.o(.text.main) for [Anonymous Symbol]
    main.o(.text.TMR0_IRQHandler) refers to main.o(.bss..L_MergedGlobals) for [Anonymous Symbol]
    main.o(.ARM.exidx.text.TMR0_IRQHandler) refers to main.o(.text.TMR0_IRQHandler) for [Anonymous Symbol]
    main.o(.text.EINT1_IRQHandler) refers to main.o(.text.displayLapsRecord) for displayLapsRecord
    main.o(.text.EINT1_IRQHandler) refers to main.o(.data.state) for state
    main.o(.text.EINT1_IRQHandler) refers to main.o(.bss..L_MergedGlobals) for [Anonymous Symbol]
    main.o(.text.EINT1_IRQHandler) refers to system_nuc100series.o(.data..L_MergedGlobals) for CyclesPerUs
    main.o(.ARM.exidx.text.EINT1_IRQHandler) refers to main.o(.text.EINT1_IRQHandler) for [Anonymous Symbol]
    system_nuc100series.o(.text.SystemCoreClockUpdate) refers to aeabi_sdiv.o(.text) for __aeabi_uidiv
    system_nuc100series.o(.text.SystemCoreClockUpdate) refers to system_nuc100series.o(.data..L_MergedGlobals) for [Anonymous Symbol]
    system_nuc100series.o(.ARM.exidx.text.SystemCoreClockUpdate) refers to system_nuc100series.o(.text.SystemCoreClockUpdate) for [Anonymous Symbol]
    system_nuc100series.o(.ARM.exidx.text.SystemInit) refers to system_nuc100series.o(.text.SystemInit) for [Anonymous Symbol]
    startup_nuc100series.o(STACK) refers (Special) to heapauxi.o(.text) for __use_two_region_memory
    startup_nuc100series.o(HEAP) refers (Special) to heapauxi.o(.text) for __use_two_region_memory
    startup_nuc100series.o(RESET) refers (Special) to heapauxi.o(.text) for __use_two_region_memory
    startup_nuc100series.o(RESET) refers to startup_nuc100series.o(STACK) for __initial_sp
    startup_nuc100series.o(RESET) refers to startup_nuc100series.o(.text) for Reset_Handler
    startup_nuc100series.o(RESET) refers to main.o(.text.EINT1_IRQHandler) for EINT1_IRQHandler
    startup_nuc100series.o(RESET) refers to main.o(.text.TMR0_IRQHandler) for TMR0_IRQHandler
    startup_nuc100series.o(.text) refers (Special) to heapauxi.o(.text) for __use_two_region_memory
    startup_nuc100series.o(.text) refers to system_nuc100series.o(.text.SystemInit) for SystemInit
    startup_nuc100series.o(.text) refers to __main.o(!!!main) for __main
    startup_nuc100series.o(.text) refers to startup_nuc100series.o(HEAP) for Heap_Mem
    startup_nuc100series.o(.text) refers to startup_nuc100series.o(STACK) for Stack_Mem
    gpio.o(.ARM.exidx.text.GPIO_SetMode) refers to gpio.o(.text.GPIO_SetMode) for [Anonymous Symbol]
    gpio.o(.ARM.exidx.text.GPIO_EnableInt) refers to gpio.o(.text.GPIO_EnableInt) for [Anonymous Symbol]
    gpio.o(.ARM.exidx.text.GPIO_DisableInt) refers to gpio.o(.text.GPIO_DisableInt) for [Anonymous Symbol]
    clk.o(.ARM.exidx.text.CLK_DisableCKO) refers to clk.o(.text.CLK_DisableCKO) for [Anonymous Symbol]
    clk.o(.text.CLK_DisableModuleClock) refers to clk.o(.rodata.cst16) for .L__const.CLK_DisableModuleClock.u32OffsetTbl
    clk.o(.ARM.exidx.text.CLK_DisableModuleClock) refers to clk.o(.text.CLK_DisableModuleClock) for [Anonymous Symbol]
    clk.o(.ARM.exidx.text.CLK_EnableCKO) refers to clk.o(.text.CLK_EnableCKO) for [Anonymous Symbol]
    clk.o(.text.CLK_EnableModuleClock) refers to clk.o(.rodata.cst16) for .L__const.CLK_DisableModuleClock.u32OffsetTbl
    clk.o(.ARM.exidx.text.CLK_EnableModuleClock) refers to clk.o(.text.CLK_EnableModuleClock) for [Anonymous Symbol]
    clk.o(.ARM.exidx.text.CLK_SetModuleClock) refers to clk.o(.text.CLK_SetModuleClock) for [Anonymous Symbol]
    clk.o(.ARM.exidx.text.CLK_PowerDown) refers to clk.o(.text.CLK_PowerDown) for [Anonymous Symbol]
    clk.o(.ARM.exidx.text.CLK_Idle) refers to clk.o(.text.CLK_Idle) for [Anonymous Symbol]
    clk.o(.ARM.exidx.text.CLK_GetHXTFreq) refers to clk.o(.text.CLK_GetHXTFreq) for [Anonymous Symbol]
    clk.o(.ARM.exidx.text.CLK_GetLXTFreq) refers to clk.o(.text.CLK_GetLXTFreq) for [Anonymous Symbol]
    clk.o(.text.CLK_GetHCLKFreq) refers to system_nuc100series.o(.text.SystemCoreClockUpdate) for SystemCoreClockUpdate
    clk.o(.text.CLK_GetHCLKFreq) refers to system_nuc100series.o(.data..L_MergedGlobals) for SystemCoreClock
    clk.o(.ARM.exidx.text.CLK_GetHCLKFreq) refers to clk.o(.text.CLK_GetHCLKFreq) for [Anonymous Symbol]
    clk.o(.text.CLK_GetPCLKFreq) refers to system_nuc100series.o(.text.SystemCoreClockUpdate) for SystemCoreClockUpdate
    clk.o(.text.CLK_GetPCLKFreq) refers to system_nuc100series.o(.data..L_MergedGlobals) for SystemCoreClock
    clk.o(.ARM.exidx.text.CLK_GetPCLKFreq) refers to clk.o(.text.CLK_GetPCLKFreq) for [Anonymous Symbol]
    clk.o(.text.CLK_GetCPUFreq) refers to system_nuc100series.o(.text.SystemCoreClockUpdate) for SystemCoreClockUpdate
    clk.o(.text.CLK_GetCPUFreq) refers to system_nuc100series.o(.data..L_MergedGlobals) for SystemCoreClock
    clk.o(.ARM.exidx.text.CLK_GetCPUFreq) refers to clk.o(.text.CLK_GetCPUFreq) for [Anonymous Symbol]
    clk.o(.text.CLK_SetCoreClock) refers to clk.o(.text.CLK_EnablePLL) for CLK_EnablePLL
    clk.o(.text.CLK_SetCoreClock) refers to clk.o(.text.CLK_SetHCLK) for CLK_SetHCLK
    clk.o(.ARM.exidx.text.CLK_SetCoreClock) refers to clk.o(.text.CLK_SetCoreClock) for [Anonymous Symbol]
    clk.o(.text.CLK_EnablePLL) refers to clk.o(.text.CLK_WaitClockReady) for CLK_WaitClockReady
    clk.o(.text.CLK_EnablePLL) refers to aeabi_sdiv.o(.text) for __aeabi_uidiv
    clk.o(.ARM.exidx.text.CLK_EnablePLL) refers to clk.o(.text.CLK_EnablePLL) for [Anonymous Symbol]
    clk.o(.text.CLK_SetHCLK) refers to system_nuc100series.o(.text.SystemCoreClockUpdate) for SystemCoreClockUpdate
    clk.o(.ARM.exidx.text.CLK_SetHCLK) refers to clk.o(.text.CLK_SetHCLK) for [Anonymous Symbol]
    clk.o(.ARM.exidx.text.CLK_SetSysTickClockSrc) refers to clk.o(.text.CLK_SetSysTickClockSrc) for [Anonymous Symbol]
    clk.o(.ARM.exidx.text.CLK_EnableXtalRC) refers to clk.o(.text.CLK_EnableXtalRC) for [Anonymous Symbol]
    clk.o(.ARM.exidx.text.CLK_DisableXtalRC) refers to clk.o(.text.CLK_DisableXtalRC) for [Anonymous Symbol]
    clk.o(.ARM.exidx.text.CLK_WaitClockReady) refers to clk.o(.text.CLK_WaitClockReady) for [Anonymous Symbol]
    clk.o(.ARM.exidx.text.CLK_DisablePLL) refers to clk.o(.text.CLK_DisablePLL) for [Anonymous Symbol]
    sys.o(.ARM.exidx.text.SYS_ClearResetSrc) refers to sys.o(.text.SYS_ClearResetSrc) for [Anonymous Symbol]
    sys.o(.ARM.exidx.text.SYS_GetBODStatus) refers to sys.o(.text.SYS_GetBODStatus) for [Anonymous Symbol]
    sys.o(.ARM.exidx.text.SYS_GetResetSrc) refers to sys.o(.text.SYS_GetResetSrc) for [Anonymous Symbol]
    sys.o(.ARM.exidx.text.SYS_IsRegLocked) refers to sys.o(.text.SYS_IsRegLocked) for [Anonymous Symbol]
    sys.o(.ARM.exidx.text.SYS_ReadPDID) refers to sys.o(.text.SYS_ReadPDID) for [Anonymous Symbol]
    sys.o(.ARM.exidx.text.SYS_ResetChip) refers to sys.o(.text.SYS_ResetChip) for [Anonymous Symbol]
    sys.o(.ARM.exidx.text.SYS_ResetCPU) refers to sys.o(.text.SYS_ResetCPU) for [Anonymous Symbol]
    sys.o(.ARM.exidx.text.SYS_ResetModule) refers to sys.o(.text.SYS_ResetModule) for [Anonymous Symbol]
    sys.o(.ARM.exidx.text.SYS_EnableBOD) refers to sys.o(.text.SYS_EnableBOD) for [Anonymous Symbol]
    sys.o(.ARM.exidx.text.SYS_DisableBOD) refers to sys.o(.text.SYS_DisableBOD) for [Anonymous Symbol]
    sys_init.o(.text.SYS_Init) refers to clk.o(.text.CLK_EnableXtalRC) for CLK_EnableXtalRC
    sys_init.o(.text.SYS_Init) refers to clk.o(.text.CLK_WaitClockReady) for CLK_WaitClockReady
    sys_init.o(.text.SYS_Init) refers to clk.o(.text.CLK_SetCoreClock) for CLK_SetCoreClock
    sys_init.o(.ARM.exidx.text.SYS_Init) refers to sys_init.o(.text.SYS_Init) for [Anonymous Symbol]
    __main.o(!!!main) refers to __rtentry.o(.ARM.Collect$$rtentry$$00000000) for __rt_entry
    __rtentry.o(.ARM.Collect$$rtentry$$00000000) refers (Special) to __rtentry2.o(.ARM.Collect$$rtentry$$0000000A) for __rt_entry_li
    __rtentry.o(.ARM.Collect$$rtentry$$00000000) refers (Special) to __rtentry2.o(.ARM.Collect$$rtentry$$0000000D) for __rt_entry_main
    __rtentry.o(.ARM.Collect$$rtentry$$00000000) refers (Special) to __rtentry2.o(.ARM.Collect$$rtentry$$0000000C) for __rt_entry_postli_1
    __rtentry.o(.ARM.Collect$$rtentry$$00000000) refers (Special) to __rtentry2.o(.ARM.Collect$$rtentry$$00000009) for __rt_entry_postsh_1
    __rtentry.o(.ARM.Collect$$rtentry$$00000000) refers (Special) to __rtentry2.o(.ARM.Collect$$rtentry$$00000002) for __rt_entry_presh_1
    __rtentry.o(.ARM.Collect$$rtentry$$00000000) refers (Special) to __rtentry4.o(.ARM.Collect$$rtentry$$00000004) for __rt_entry_sh
    aeabi_idiv0_sigfpe.o(.text) refers to rt_div0.o(.text) for __rt_div0
    __rtentry2.o(.ARM.Collect$$rtentry$$00000008) refers to boardinit2.o(.text) for _platform_post_stackheap_init
    __rtentry2.o(.ARM.Collect$$rtentry$$0000000A) refers to libinit.o(.ARM.Collect$$libinit$$00000000) for __rt_lib_init
    __rtentry2.o(.ARM.Collect$$rtentry$$0000000B) refers to boardinit3.o(.text) for _platform_post_lib_init
    __rtentry2.o(.ARM.Collect$$rtentry$$0000000D) refers to main.o(.text.main) for main
    __rtentry2.o(.ARM.Collect$$rtentry$$0000000D) refers to exit.o(.text) for exit
    __rtentry2.o(.ARM.exidx) refers to __rtentry2.o(.ARM.Collect$$rtentry$$00000001) for .ARM.Collect$$rtentry$$00000001
    __rtentry2.o(.ARM.exidx) refers to __rtentry2.o(.ARM.Collect$$rtentry$$00000008) for .ARM.Collect$$rtentry$$00000008
    __rtentry2.o(.ARM.exidx) refers to __rtentry2.o(.ARM.Collect$$rtentry$$0000000A) for .ARM.Collect$$rtentry$$0000000A
    __rtentry2.o(.ARM.exidx) refers to __rtentry2.o(.ARM.Collect$$rtentry$$0000000B) for .ARM.Collect$$rtentry$$0000000B
    __rtentry2.o(.ARM.exidx) refers to __rtentry2.o(.ARM.Collect$$rtentry$$0000000D) for .ARM.Collect$$rtentry$$0000000D
    __rtentry4.o(.ARM.Collect$$rtentry$$00000004) refers to sys_stackheap_outer.o(.text) for __user_setup_stackheap
    __rtentry4.o(.ARM.exidx) refers to __rtentry4.o(.ARM.Collect$$rtentry$$00000004) for .ARM.Collect$$rtentry$$00000004
    rt_div0.o(.text) refers to defsig_fpe_outer.o(.text) for __rt_SIGFPE
    sys_stackheap_outer.o(.text) refers to libspace.o(.text) for __user_perproc_libspace
    sys_stackheap_outer.o(.text) refers to startup_nuc100series.o(.text) for __user_initial_stackheap
    sys_stackheap_outer.o(__vectab_stack_and_reset_area) refers to tempstk.o(.text) for __temporary_stack_top
    sys_stackheap_outer.o(__vectab_stack_and_reset_area) refers to __main.o(!!!main) for __main
    exit.o(.text) refers to rtexit.o(.ARM.Collect$$rtexit$$00000000) for __rt_exit
    defsig_fpe_outer.o(.text) refers to defsig_fpe_inner.o(.text) for __rt_SIGFPE_inner
    defsig_fpe_outer.o(.text) refers to defsig_exit.o(.text) for __sig_exit
    defsig_fpe_formal.o(.text) refers to rt_raise.o(.text) for __rt_raise
    libinit.o(.ARM.Collect$$libinit$$00000000) refers (Special) to libinit2.o(.ARM.Collect$$libinit$$0000002E) for __rt_lib_init_alloca_1
    libinit.o(.ARM.Collect$$libinit$$00000000) refers (Special) to libinit2.o(.ARM.Collect$$libinit$$0000002C) for __rt_lib_init_argv_1
    libinit.o(.ARM.Collect$$libinit$$00000000) refers (Special) to libinit2.o(.ARM.Collect$$libinit$$0000001B) for __rt_lib_init_atexit_1
    libinit.o(.ARM.Collect$$libinit$$00000000) refers (Special) to libinit2.o(.ARM.Collect$$libinit$$00000021) for __rt_lib_init_clock_1
    libinit.o(.ARM.Collect$$libinit$$00000000) refers (Special) to libinit2.o(.ARM.Collect$$libinit$$00000032) for __rt_lib_init_cpp_1
    libinit.o(.ARM.Collect$$libinit$$00000000) refers (Special) to libinit2.o(.ARM.Collect$$libinit$$00000030) for __rt_lib_init_exceptions_1
    libinit.o(.ARM.Collect$$libinit$$00000000) refers (Special) to libinit2.o(.ARM.Collect$$libinit$$00000002) for __rt_lib_init_fp_1
    libinit.o(.ARM.Collect$$libinit$$00000000) refers (Special) to libinit2.o(.ARM.Collect$$libinit$$0000001F) for __rt_lib_init_fp_trap_1
    libinit.o(.ARM.Collect$$libinit$$00000000) refers (Special) to libinit2.o(.ARM.Collect$$libinit$$00000023) for __rt_lib_init_getenv_1
    libinit.o(.ARM.Collect$$libinit$$00000000) refers (Special) to libinit2.o(.ARM.Collect$$libinit$$0000000A) for __rt_lib_init_heap_1
    libinit.o(.ARM.Collect$$libinit$$00000000) refers (Special) to libinit2.o(.ARM.Collect$$libinit$$00000011) for __rt_lib_init_lc_collate_1
    libinit.o(.ARM.Collect$$libinit$$00000000) refers (Special) to libinit2.o(.ARM.Collect$$libinit$$00000013) for __rt_lib_init_lc_ctype_1
    libinit.o(.ARM.Collect$$libinit$$00000000) refers (Special) to libinit2.o(.ARM.Collect$$libinit$$00000015) for __rt_lib_init_lc_monetary_1
    libinit.o(.ARM.Collect$$libinit$$00000000) refers (Special) to libinit2.o(.ARM.Collect$$libinit$$00000017) for __rt_lib_init_lc_numeric_1
    libinit.o(.ARM.Collect$$libinit$$00000000) refers (Special) to libinit2.o(.ARM.Collect$$libinit$$00000019) for __rt_lib_init_lc_time_1
    libinit.o(.ARM.Collect$$libinit$$00000000) refers (Special) to libinit2.o(.ARM.Collect$$libinit$$00000004) for __rt_lib_init_preinit_1
    libinit.o(.ARM.Collect$$libinit$$00000000) refers (Special) to libinit2.o(.ARM.Collect$$libinit$$0000000E) for __rt_lib_init_rand_1
    libinit.o(.ARM.Collect$$libinit$$00000000) refers (Special) to libinit2.o(.ARM.Collect$$libinit$$00000033) for __rt_lib_init_return
    libinit.o(.ARM.Collect$$libinit$$00000000) refers (Special) to libinit2.o(.ARM.Collect$$libinit$$0000001D) for __rt_lib_init_signal_1
    libinit.o(.ARM.Collect$$libinit$$00000000) refers (Special) to libinit2.o(.ARM.Collect$$libinit$$00000025) for __rt_lib_init_stdio_1
    libinit.o(.ARM.Collect$$libinit$$00000000) refers (Special) to libinit2.o(.ARM.Collect$$libinit$$0000000C) for __rt_lib_init_user_alloc_1
    libspace.o(.text) refers to libspace.o(.bss) for __libspace_start
    rtexit.o(.ARM.Collect$$rtexit$$00000000) refers (Special) to rtexit2.o(.ARM.Collect$$rtexit$$00000004) for __rt_exit_exit
    rtexit.o(.ARM.Collect$$rtexit$$00000000) refers (Special) to rtexit2.o(.ARM.Collect$$rtexit$$00000003) for __rt_exit_ls
    rtexit.o(.ARM.Collect$$rtexit$$00000000) refers (Special) to rtexit2.o(.ARM.Collect$$rtexit$$00000002) for __rt_exit_prels_1
    rtexit.o(.ARM.exidx) refers (Special) to rtexit2.o(.ARM.Collect$$rtexit$$00000004) for __rt_exit_exit
    rtexit.o(.ARM.exidx) refers (Special) to rtexit2.o(.ARM.Collect$$rtexit$$00000003) for __rt_exit_ls
    rtexit.o(.ARM.exidx) refers (Special) to rtexit2.o(.ARM.Collect$$rtexit$$00000002) for __rt_exit_prels_1
    rtexit.o(.ARM.exidx) refers to rtexit.o(.ARM.Collect$$rtexit$$00000000) for .ARM.Collect$$rtexit$$00000000
    rt_raise.o(.text) refers to __raise.o(.text) for __raise
    rt_raise.o(.text) refers to sys_exit.o(.text) for _sys_exit
    defsig_exit.o(.text) refers to sys_exit.o(.text) for _sys_exit
    defsig_fpe_inner.o(.text) refers to defsig_general.o(.text) for __default_signal_display
    libinit2.o(.ARM.Collect$$libinit$$00000010) refers to libinit2.o(.ARM.Collect$$libinit$$0000000F) for .ARM.Collect$$libinit$$0000000F
    libinit2.o(.ARM.Collect$$libinit$$00000012) refers to libinit2.o(.ARM.Collect$$libinit$$0000000F) for .ARM.Collect$$libinit$$0000000F
    libinit2.o(.ARM.Collect$$libinit$$00000014) refers to libinit2.o(.ARM.Collect$$libinit$$0000000F) for .ARM.Collect$$libinit$$0000000F
    libinit2.o(.ARM.Collect$$libinit$$00000016) refers to libinit2.o(.ARM.Collect$$libinit$$0000000F) for .ARM.Collect$$libinit$$0000000F
    libinit2.o(.ARM.Collect$$libinit$$00000018) refers to libinit2.o(.ARM.Collect$$libinit$$0000000F) for .ARM.Collect$$libinit$$0000000F
    libinit2.o(.ARM.Collect$$libinit$$00000026) refers to argv_veneer.o(.text) for __ARM_argv_veneer
    libinit2.o(.ARM.Collect$$libinit$$00000027) refers to argv_veneer.o(.text) for __ARM_argv_veneer
    sys_exit.o(.text) refers (Special) to use_no_semi.o(.text) for __I$use$semihosting
    sys_exit.o(.text) refers (Special) to indicate_semi.o(.text) for __semihosting_library_function
    sys_exit_hlt.o(.text) refers (Special) to use_no_semi.o(.text) for __I$use$semihosting
    sys_exit_hlt.o(.text) refers (Special) to indicate_semi.o(.text) for __semihosting_library_function
    rtexit2.o(.ARM.Collect$$rtexit$$00000003) refers to libshutdown.o(.ARM.Collect$$libshutdown$$00000000) for __rt_lib_shutdown
    rtexit2.o(.ARM.Collect$$rtexit$$00000004) refers to sys_exit.o(.text) for _sys_exit
    rtexit2.o(.ARM.exidx) refers to rtexit2.o(.ARM.Collect$$rtexit$$00000001) for .ARM.Collect$$rtexit$$00000001
    rtexit2.o(.ARM.exidx) refers to rtexit2.o(.ARM.Collect$$rtexit$$00000003) for .ARM.Collect$$rtexit$$00000003
    rtexit2.o(.ARM.exidx) refers to rtexit2.o(.ARM.Collect$$rtexit$$00000004) for .ARM.Collect$$rtexit$$00000004
    __raise.o(.text) refers to defsig.o(CL$$defsig) for __default_signal_handler
    defsig_general.o(.text) refers to sys_wrch.o(.text) for _ttywrch
    sys_wrch.o(.text) refers (Special) to use_no_semi.o(.text) for __I$use$semihosting
    sys_wrch.o(.text) refers (Special) to indicate_semi.o(.text) for __semihosting_library_function
    sys_wrch_hlt.o(.text) refers (Special) to use_no_semi.o(.text) for __I$use$semihosting
    sys_wrch_hlt.o(.text) refers (Special) to indicate_semi.o(.text) for __semihosting_library_function
    defsig.o(CL$$defsig) refers to defsig_fpe_inner.o(.text) for __rt_SIGFPE_inner
    defsig.o(CL$$defsig) refers to defsig_rtmem_inner.o(.text) for __rt_SIGRTMEM_inner
    _get_argv_nomalloc.o(.text) refers (Special) to hrguard.o(.text) for __heap_region$guard
    _get_argv_nomalloc.o(.text) refers to defsig_rtmem_outer.o(.text) for __rt_SIGRTMEM
    _get_argv_nomalloc.o(.text) refers to sys_command.o(.text) for _sys_command_string
    libshutdown.o(.ARM.Collect$$libshutdown$$00000000) refers (Special) to libshutdown2.o(.ARM.Collect$$libshutdown$$00000002) for __rt_lib_shutdown_cpp_1
    libshutdown.o(.ARM.Collect$$libshutdown$$00000000) refers (Special) to libshutdown2.o(.ARM.Collect$$libshutdown$$00000007) for __rt_lib_shutdown_fp_trap_1
    libshutdown.o(.ARM.Collect$$libshutdown$$00000000) refers (Special) to libshutdown2.o(.ARM.Collect$$libshutdown$$0000000F) for __rt_lib_shutdown_heap_1
    libshutdown.o(.ARM.Collect$$libshutdown$$00000000) refers (Special) to libshutdown2.o(.ARM.Collect$$libshutdown$$00000010) for __rt_lib_shutdown_return
    libshutdown.o(.ARM.Collect$$libshutdown$$00000000) refers (Special) to libshutdown2.o(.ARM.Collect$$libshutdown$$0000000A) for __rt_lib_shutdown_signal_1
    libshutdown.o(.ARM.Collect$$libshutdown$$00000000) refers (Special) to libshutdown2.o(.ARM.Collect$$libshutdown$$00000004) for __rt_lib_shutdown_stdio_1
    libshutdown.o(.ARM.Collect$$libshutdown$$00000000) refers (Special) to libshutdown2.o(.ARM.Collect$$libshutdown$$0000000C) for __rt_lib_shutdown_user_alloc_1
    sys_command.o(.text) refers (Special) to use_no_semi.o(.text) for __I$use$semihosting
    sys_command.o(.text) refers (Special) to indicate_semi.o(.text) for __semihosting_library_function
    sys_command_hlt.o(.text) refers (Special) to use_no_semi.o(.text) for __I$use$semihosting
    sys_command_hlt.o(.text) refers (Special) to indicate_semi.o(.text) for __semihosting_library_function
    defsig_abrt_inner.o(.text) refers to defsig_general.o(.text) for __default_signal_display
    defsig_rtred_inner.o(.text) refers to defsig_general.o(.text) for __default_signal_display
    defsig_rtmem_inner.o(.text) refers to defsig_general.o(.text) for __default_signal_display
    defsig_rtmem_outer.o(.text) refers to defsig_rtmem_inner.o(.text) for __rt_SIGRTMEM_inner
    defsig_rtmem_outer.o(.text) refers to defsig_exit.o(.text) for __sig_exit
    defsig_rtmem_formal.o(.text) refers to rt_raise.o(.text) for __rt_raise
    defsig_stak_inner.o(.text) refers to defsig_general.o(.text) for __default_signal_display
    defsig_pvfn_inner.o(.text) refers to defsig_general.o(.text) for __default_signal_display
    defsig_cppl_inner.o(.text) refers to defsig_general.o(.text) for __default_signal_display
    defsig_segv_inner.o(.text) refers to defsig_general.o(.text) for __default_signal_display
    defsig_other.o(.text) refers to defsig_general.o(.text) for __default_signal_display


==============================================================================

Removing Unused input sections from the image.

    Removing main.o(.text), (0 bytes).
    Removing main.o(.ARM.exidx.text.enableClockSource), (8 bytes).
    Removing main.o(.ARM.exidx.text.setupGPIO), (8 bytes).
    Removing main.o(.ARM.exidx.text.enableTimer0), (8 bytes).
    Removing main.o(.ARM.exidx.text.turnOnU14), (8 bytes).
    Removing main.o(.ARM.exidx.text.turnOnU13), (8 bytes).
    Removing main.o(.ARM.exidx.text.turnOnU12), (8 bytes).
    Removing main.o(.ARM.exidx.text.turnOnU11), (8 bytes).
    Removing main.o(.ARM.exidx.text.turnOffDigit), (8 bytes).
    Removing main.o(.ARM.exidx.text.displayZero), (8 bytes).
    Removing main.o(.ARM.exidx.text.displayOne), (8 bytes).
    Removing main.o(.ARM.exidx.text.displayTwo), (8 bytes).
    Removing main.o(.ARM.exidx.text.displayThree), (8 bytes).
    Removing main.o(.ARM.exidx.text.displayFour), (8 bytes).
    Removing main.o(.ARM.exidx.text.displayFive), (8 bytes).
    Removing main.o(.ARM.exidx.text.displaySix), (8 bytes).
    Removing main.o(.ARM.exidx.text.displaySeven), (8 bytes).
    Removing main.o(.ARM.exidx.text.displayEight), (8 bytes).
    Removing main.o(.ARM.exidx.text.displayNine), (8 bytes).
    Removing main.o(.ARM.exidx.text.updateDigit), (8 bytes).
    Removing main.o(.ARM.exidx.text.showNumbers), (8 bytes).
    Removing main.o(.ARM.exidx.text.setupKeyMatrix), (8 bytes).
    Removing main.o(.text.startCount), (20 bytes).
    Removing main.o(.ARM.exidx.text.startCount), (8 bytes).
    Removing main.o(.text.pauseCount), (20 bytes).
    Removing main.o(.ARM.exidx.text.pauseCount), (8 bytes).
    Removing main.o(.ARM.exidx.text.checkStateForClock), (8 bytes).
    Removing main.o(.ARM.exidx.text.saveToHistory), (8 bytes).
    Removing main.o(.ARM.exidx.text.resetCounters), (8 bytes).
    Removing main.o(.ARM.exidx.text.enterDisplay), (8 bytes).
    Removing main.o(.ARM.exidx.text.exitDisplay), (8 bytes).
    Removing main.o(.ARM.exidx.text.displayLapsRecord), (8 bytes).
    Removing main.o(.ARM.exidx.text.main), (8 bytes).
    Removing main.o(.ARM.exidx.text.TMR0_IRQHandler), (8 bytes).
    Removing main.o(.ARM.exidx.text.EINT1_IRQHandler), (8 bytes).
    Removing main.o(.ARM.use_no_argv), (4 bytes).
    Removing system_nuc100series.o(.text), (0 bytes).
    Removing system_nuc100series.o(.text.SystemCoreClockUpdate), (152 bytes).
    Removing system_nuc100series.o(.ARM.exidx.text.SystemCoreClockUpdate), (8 bytes).
    Removing system_nuc100series.o(.ARM.exidx.text.SystemInit), (8 bytes).
    Removing gpio.o(.text), (0 bytes).
    Removing gpio.o(.text.GPIO_SetMode), (42 bytes).
    Removing gpio.o(.ARM.exidx.text.GPIO_SetMode), (8 bytes).
    Removing gpio.o(.text.GPIO_EnableInt), (28 bytes).
    Removing gpio.o(.ARM.exidx.text.GPIO_EnableInt), (8 bytes).
    Removing gpio.o(.text.GPIO_DisableInt), (28 bytes).
    Removing gpio.o(.ARM.exidx.text.GPIO_DisableInt), (8 bytes).
    Removing clk.o(.text), (0 bytes).
    Removing clk.o(.text.CLK_DisableCKO), (16 bytes).
    Removing clk.o(.ARM.exidx.text.CLK_DisableCKO), (8 bytes).
    Removing clk.o(.text.CLK_DisableModuleClock), (36 bytes).
    Removing clk.o(.ARM.exidx.text.CLK_DisableModuleClock), (8 bytes).
    Removing clk.o(.text.CLK_EnableCKO), (36 bytes).
    Removing clk.o(.ARM.exidx.text.CLK_EnableCKO), (8 bytes).
    Removing clk.o(.text.CLK_EnableModuleClock), (36 bytes).
    Removing clk.o(.ARM.exidx.text.CLK_EnableModuleClock), (8 bytes).
    Removing clk.o(.text.CLK_SetModuleClock), (176 bytes).
    Removing clk.o(.ARM.exidx.text.CLK_SetModuleClock), (8 bytes).
    Removing clk.o(.text.CLK_PowerDown), (36 bytes).
    Removing clk.o(.ARM.exidx.text.CLK_PowerDown), (8 bytes).
    Removing clk.o(.text.CLK_Idle), (32 bytes).
    Removing clk.o(.ARM.exidx.text.CLK_Idle), (8 bytes).
    Removing clk.o(.text.CLK_GetHXTFreq), (24 bytes).
    Removing clk.o(.ARM.exidx.text.CLK_GetHXTFreq), (8 bytes).
    Removing clk.o(.text.CLK_GetLXTFreq), (20 bytes).
    Removing clk.o(.ARM.exidx.text.CLK_GetLXTFreq), (8 bytes).
    Removing clk.o(.text.CLK_GetHCLKFreq), (16 bytes).
    Removing clk.o(.ARM.exidx.text.CLK_GetHCLKFreq), (8 bytes).
    Removing clk.o(.text.CLK_GetPCLKFreq), (16 bytes).
    Removing clk.o(.ARM.exidx.text.CLK_GetPCLKFreq), (8 bytes).
    Removing clk.o(.text.CLK_GetCPUFreq), (16 bytes).
    Removing clk.o(.ARM.exidx.text.CLK_GetCPUFreq), (8 bytes).
    Removing clk.o(.text.CLK_SetCoreClock), (116 bytes).
    Removing clk.o(.ARM.exidx.text.CLK_SetCoreClock), (8 bytes).
    Removing clk.o(.text.CLK_EnablePLL), (436 bytes).
    Removing clk.o(.ARM.exidx.text.CLK_EnablePLL), (8 bytes).
    Removing clk.o(.text.CLK_SetHCLK), (68 bytes).
    Removing clk.o(.ARM.exidx.text.CLK_SetHCLK), (8 bytes).
    Removing clk.o(.text.CLK_SetSysTickClockSrc), (20 bytes).
    Removing clk.o(.ARM.exidx.text.CLK_SetSysTickClockSrc), (8 bytes).
    Removing clk.o(.text.CLK_EnableXtalRC), (16 bytes).
    Removing clk.o(.ARM.exidx.text.CLK_EnableXtalRC), (8 bytes).
    Removing clk.o(.text.CLK_DisableXtalRC), (16 bytes).
    Removing clk.o(.ARM.exidx.text.CLK_DisableXtalRC), (8 bytes).
    Removing clk.o(.text.CLK_WaitClockReady), (32 bytes).
    Removing clk.o(.ARM.exidx.text.CLK_WaitClockReady), (8 bytes).
    Removing clk.o(.text.CLK_DisablePLL), (20 bytes).
    Removing clk.o(.ARM.exidx.text.CLK_DisablePLL), (8 bytes).
    Removing clk.o(.rodata.cst16), (16 bytes).
    Removing sys.o(.text), (0 bytes).
    Removing sys.o(.text.SYS_ClearResetSrc), (16 bytes).
    Removing sys.o(.ARM.exidx.text.SYS_ClearResetSrc), (8 bytes).
    Removing sys.o(.text.SYS_GetBODStatus), (16 bytes).
    Removing sys.o(.ARM.exidx.text.SYS_GetBODStatus), (8 bytes).
    Removing sys.o(.text.SYS_GetResetSrc), (12 bytes).
    Removing sys.o(.ARM.exidx.text.SYS_GetResetSrc), (8 bytes).
    Removing sys.o(.text.SYS_IsRegLocked), (16 bytes).
    Removing sys.o(.ARM.exidx.text.SYS_IsRegLocked), (8 bytes).
    Removing sys.o(.text.SYS_ReadPDID), (8 bytes).
    Removing sys.o(.ARM.exidx.text.SYS_ReadPDID), (8 bytes).
    Removing sys.o(.text.SYS_ResetChip), (16 bytes).
    Removing sys.o(.ARM.exidx.text.SYS_ResetChip), (8 bytes).
    Removing sys.o(.text.SYS_ResetCPU), (16 bytes).
    Removing sys.o(.ARM.exidx.text.SYS_ResetCPU), (8 bytes).
    Removing sys.o(.text.SYS_ResetModule), (36 bytes).
    Removing sys.o(.ARM.exidx.text.SYS_ResetModule), (8 bytes).
    Removing sys.o(.text.SYS_EnableBOD), (40 bytes).
    Removing sys.o(.ARM.exidx.text.SYS_EnableBOD), (8 bytes).
    Removing sys.o(.text.SYS_DisableBOD), (16 bytes).
    Removing sys.o(.ARM.exidx.text.SYS_DisableBOD), (8 bytes).
    Removing sys_init.o(.text), (0 bytes).
    Removing sys_init.o(.text.SYS_Init), (56 bytes).
    Removing sys_init.o(.ARM.exidx.text.SYS_Init), (8 bytes).

113 unused section(s) (total 2286 bytes) removed from the image.

==============================================================================

Image Symbol Table

    Local Symbols

    Symbol Name                              Value     Ov Type        Size  Object(Section)

    ../clib/angel/boardlib.s                 0x00000000   Number         0  boardinit1.o ABSOLUTE
    ../clib/angel/boardlib.s                 0x00000000   Number         0  boardinit2.o ABSOLUTE
    ../clib/angel/boardlib.s                 0x00000000   Number         0  boardinit3.o ABSOLUTE
    ../clib/angel/boardlib.s                 0x00000000   Number         0  boardshut.o ABSOLUTE
    ../clib/angel/handlers.s                 0x00000000   Number         0  __scatter_copy.o ABSOLUTE
    ../clib/angel/handlers.s                 0x00000000   Number         0  __scatter_zi.o ABSOLUTE
    ../clib/angel/kernel.s                   0x00000000   Number         0  __rtentry.o ABSOLUTE
    ../clib/angel/kernel.s                   0x00000000   Number         0  __rtentry2.o ABSOLUTE
    ../clib/angel/kernel.s                   0x00000000   Number         0  __rtentry4.o ABSOLUTE
    ../clib/angel/kernel.s                   0x00000000   Number         0  rtexit.o ABSOLUTE
    ../clib/angel/kernel.s                   0x00000000   Number         0  rtexit2.o ABSOLUTE
    ../clib/angel/rt.s                       0x00000000   Number         0  aeabi_idiv0.o ABSOLUTE
    ../clib/angel/rt.s                       0x00000000   Number         0  aeabi_idiv0_sigfpe.o ABSOLUTE
    ../clib/angel/rt.s                       0x00000000   Number         0  rt_div0.o ABSOLUTE
    ../clib/angel/rt.s                       0x00000000   Number         0  rt_raise.o ABSOLUTE
    ../clib/angel/scatterp.s                 0x00000000   Number         0  __scatter.o ABSOLUTE
    ../clib/angel/startup.s                  0x00000000   Number         0  __main.o ABSOLUTE
    ../clib/angel/sys.s                      0x00000000   Number         0  sys_stackheap_outer.o ABSOLUTE
    ../clib/angel/sys.s                      0x00000000   Number         0  libspace.o ABSOLUTE
    ../clib/angel/sys.s                      0x00000000   Number         0  tempstk.o ABSOLUTE
    ../clib/angel/sys.s                      0x00000000   Number         0  use_no_semi.o ABSOLUTE
    ../clib/angel/sys.s                      0x00000000   Number         0  indicate_semi.o ABSOLUTE
    ../clib/angel/sysapp.c                   0x00000000   Number         0  sys_exit.o ABSOLUTE
    ../clib/angel/sysapp.c                   0x00000000   Number         0  sys_exit_hlt.o ABSOLUTE
    ../clib/angel/sysapp.c                   0x00000000   Number         0  sys_wrch.o ABSOLUTE
    ../clib/angel/sysapp.c                   0x00000000   Number         0  sys_wrch_hlt.o ABSOLUTE
    ../clib/angel/sysapp.c                   0x00000000   Number         0  sys_command.o ABSOLUTE
    ../clib/angel/sysapp.c                   0x00000000   Number         0  sys_command_hlt.o ABSOLUTE
    ../clib/armsys.c                         0x00000000   Number         0  argv_veneer.o ABSOLUTE
    ../clib/armsys.c                         0x00000000   Number         0  _get_argv_nomalloc.o ABSOLUTE
    ../clib/armsys.c                         0x00000000   Number         0  no_argv.o ABSOLUTE
    ../clib/division.s                       0x00000000   Number         0  aeabi_sdiv.o ABSOLUTE
    ../clib/division.s                       0x00000000   Number         0  aeabi_sdiv_div0.o ABSOLUTE
    ../clib/heapalloc.c                      0x00000000   Number         0  hrguard.o ABSOLUTE
    ../clib/heapaux.c                        0x00000000   Number         0  heapauxi.o ABSOLUTE
    ../clib/libinit.s                        0x00000000   Number         0  libinit.o ABSOLUTE
    ../clib/libinit.s                        0x00000000   Number         0  libinit2.o ABSOLUTE
    ../clib/libinit.s                        0x00000000   Number         0  libshutdown.o ABSOLUTE
    ../clib/libinit.s                        0x00000000   Number         0  libshutdown2.o ABSOLUTE
    ../clib/signal.c                         0x00000000   Number         0  defsig_fpe_outer.o ABSOLUTE
    ../clib/signal.c                         0x00000000   Number         0  defsig_fpe_formal.o ABSOLUTE
    ../clib/signal.c                         0x00000000   Number         0  defsig_exit.o ABSOLUTE
    ../clib/signal.c                         0x00000000   Number         0  defsig_fpe_inner.o ABSOLUTE
    ../clib/signal.c                         0x00000000   Number         0  __raise.o ABSOLUTE
    ../clib/signal.c                         0x00000000   Number         0  defsig_general.o ABSOLUTE
    ../clib/signal.c                         0x00000000   Number         0  defsig_abrt_inner.o ABSOLUTE
    ../clib/signal.c                         0x00000000   Number         0  defsig_rtred_inner.o ABSOLUTE
    ../clib/signal.c                         0x00000000   Number         0  defsig_rtmem_inner.o ABSOLUTE
    ../clib/signal.c                         0x00000000   Number         0  defsig_rtmem_outer.o ABSOLUTE
    ../clib/signal.c                         0x00000000   Number         0  defsig_rtmem_formal.o ABSOLUTE
    ../clib/signal.c                         0x00000000   Number         0  defsig_stak_inner.o ABSOLUTE
    ../clib/signal.c                         0x00000000   Number         0  defsig_pvfn_inner.o ABSOLUTE
    ../clib/signal.c                         0x00000000   Number         0  defsig_cppl_inner.o ABSOLUTE
    ../clib/signal.c                         0x00000000   Number         0  defsig_segv_inner.o ABSOLUTE
    ../clib/signal.c                         0x00000000   Number         0  defsig_other.o ABSOLUTE
    ../clib/signal.s                         0x00000000   Number         0  defsig.o ABSOLUTE
    ../clib/stdlib.c                         0x00000000   Number         0  exit.o ABSOLUTE
    ../fplib/cfplib/fpinit.c                 0x00000000   Number         0  fpinit.o ABSOLUTE
    C:/Keil_v5/Library/NUC100Series/Source/ARM/startup_NUC100Series.s 0x00000000   Number         0  startup_nuc100series.o ABSOLUTE
    SYS_init.c                               0x00000000   Number         0  sys_init.o ABSOLUTE
    clk.c                                    0x00000000   Number         0  clk.o ABSOLUTE
    dc.s                                     0x00000000   Number         0  dc.o ABSOLUTE
    gpio.c                                   0x00000000   Number         0  gpio.o ABSOLUTE
    main.c                                   0x00000000   Number         0  main.o ABSOLUTE
    sys.c                                    0x00000000   Number         0  sys.o ABSOLUTE
    system_NUC100Series.c                    0x00000000   Number         0  system_nuc100series.o ABSOLUTE
    RESET                                    0x00000000   Section      192  startup_nuc100series.o(RESET)
    !!!main                                  0x000000c0   Section        8  __main.o(!!!main)
    !!!scatter                               0x000000c8   Section       60  __scatter.o(!!!scatter)
    !!handler_copy                           0x00000104   Section       26  __scatter_copy.o(!!handler_copy)
    !!handler_zi                             0x00000120   Section       28  __scatter_zi.o(!!handler_zi)
    .ARM.Collect$$libinit$$00000000          0x0000013c   Section        2  libinit.o(.ARM.Collect$$libinit$$00000000)
    .ARM.Collect$$libinit$$00000002          0x0000013e   Section        0  libinit2.o(.ARM.Collect$$libinit$$00000002)
    .ARM.Collect$$libinit$$00000004          0x0000013e   Section        0  libinit2.o(.ARM.Collect$$libinit$$00000004)
    .ARM.Collect$$libinit$$0000000A          0x0000013e   Section        0  libinit2.o(.ARM.Collect$$libinit$$0000000A)
    .ARM.Collect$$libinit$$0000000C          0x0000013e   Section        0  libinit2.o(.ARM.Collect$$libinit$$0000000C)
    .ARM.Collect$$libinit$$0000000E          0x0000013e   Section        0  libinit2.o(.ARM.Collect$$libinit$$0000000E)
    .ARM.Collect$$libinit$$00000011          0x0000013e   Section        0  libinit2.o(.ARM.Collect$$libinit$$00000011)
    .ARM.Collect$$libinit$$00000013          0x0000013e   Section        0  libinit2.o(.ARM.Collect$$libinit$$00000013)
    .ARM.Collect$$libinit$$00000015          0x0000013e   Section        0  libinit2.o(.ARM.Collect$$libinit$$00000015)
    .ARM.Collect$$libinit$$00000017          0x0000013e   Section        0  libinit2.o(.ARM.Collect$$libinit$$00000017)
    .ARM.Collect$$libinit$$00000019          0x0000013e   Section        0  libinit2.o(.ARM.Collect$$libinit$$00000019)
    .ARM.Collect$$libinit$$0000001B          0x0000013e   Section        0  libinit2.o(.ARM.Collect$$libinit$$0000001B)
    .ARM.Collect$$libinit$$0000001D          0x0000013e   Section        0  libinit2.o(.ARM.Collect$$libinit$$0000001D)
    .ARM.Collect$$libinit$$0000001F          0x0000013e   Section        0  libinit2.o(.ARM.Collect$$libinit$$0000001F)
    .ARM.Collect$$libinit$$00000021          0x0000013e   Section        0  libinit2.o(.ARM.Collect$$libinit$$00000021)
    .ARM.Collect$$libinit$$00000023          0x0000013e   Section        0  libinit2.o(.ARM.Collect$$libinit$$00000023)
    .ARM.Collect$$libinit$$00000025          0x0000013e   Section        0  libinit2.o(.ARM.Collect$$libinit$$00000025)
    .ARM.Collect$$libinit$$0000002C          0x0000013e   Section        0  libinit2.o(.ARM.Collect$$libinit$$0000002C)
    .ARM.Collect$$libinit$$0000002E          0x0000013e   Section        0  libinit2.o(.ARM.Collect$$libinit$$0000002E)
    .ARM.Collect$$libinit$$00000030          0x0000013e   Section        0  libinit2.o(.ARM.Collect$$libinit$$00000030)
    .ARM.Collect$$libinit$$00000032          0x0000013e   Section        0  libinit2.o(.ARM.Collect$$libinit$$00000032)
    .ARM.Collect$$libinit$$00000033          0x0000013e   Section        2  libinit2.o(.ARM.Collect$$libinit$$00000033)
    .ARM.Collect$$libshutdown$$00000000      0x00000140   Section        2  libshutdown.o(.ARM.Collect$$libshutdown$$00000000)
    .ARM.Collect$$libshutdown$$00000002      0x00000142   Section        0  libshutdown2.o(.ARM.Collect$$libshutdown$$00000002)
    .ARM.Collect$$libshutdown$$00000004      0x00000142   Section        0  libshutdown2.o(.ARM.Collect$$libshutdown$$00000004)
    .ARM.Collect$$libshutdown$$00000007      0x00000142   Section        0  libshutdown2.o(.ARM.Collect$$libshutdown$$00000007)
    .ARM.Collect$$libshutdown$$0000000A      0x00000142   Section        0  libshutdown2.o(.ARM.Collect$$libshutdown$$0000000A)
    .ARM.Collect$$libshutdown$$0000000C      0x00000142   Section        0  libshutdown2.o(.ARM.Collect$$libshutdown$$0000000C)
    .ARM.Collect$$libshutdown$$0000000F      0x00000142   Section        0  libshutdown2.o(.ARM.Collect$$libshutdown$$0000000F)
    .ARM.Collect$$libshutdown$$00000010      0x00000142   Section        2  libshutdown2.o(.ARM.Collect$$libshutdown$$00000010)
    .ARM.Collect$$rtentry$$00000000          0x00000144   Section        0  __rtentry.o(.ARM.Collect$$rtentry$$00000000)
    .ARM.Collect$$rtentry$$00000002          0x00000144   Section        0  __rtentry2.o(.ARM.Collect$$rtentry$$00000002)
    .ARM.Collect$$rtentry$$00000004          0x00000144   Section        6  __rtentry4.o(.ARM.Collect$$rtentry$$00000004)
    .ARM.Collect$$rtentry$$00000009          0x0000014a   Section        0  __rtentry2.o(.ARM.Collect$$rtentry$$00000009)
    .ARM.Collect$$rtentry$$0000000A          0x0000014a   Section        4  __rtentry2.o(.ARM.Collect$$rtentry$$0000000A)
    .ARM.Collect$$rtentry$$0000000C          0x0000014e   Section        0  __rtentry2.o(.ARM.Collect$$rtentry$$0000000C)
    .ARM.Collect$$rtentry$$0000000D          0x0000014e   Section        8  __rtentry2.o(.ARM.Collect$$rtentry$$0000000D)
    .ARM.Collect$$rtexit$$00000000           0x00000156   Section        2  rtexit.o(.ARM.Collect$$rtexit$$00000000)
    .ARM.Collect$$rtexit$$00000002           0x00000158   Section        0  rtexit2.o(.ARM.Collect$$rtexit$$00000002)
    .ARM.Collect$$rtexit$$00000003           0x00000158   Section        4  rtexit2.o(.ARM.Collect$$rtexit$$00000003)
    .ARM.Collect$$rtexit$$00000004           0x0000015c   Section        6  rtexit2.o(.ARM.Collect$$rtexit$$00000004)
    .text                                    0x00000164   Section      100  startup_nuc100series.o(.text)
    Default_Handler                          0x0000018f   Thumb Code     2  startup_nuc100series.o(.text)
    .text                                    0x000001c8   Section      364  aeabi_sdiv.o(.text)
    .text                                    0x00000334   Section        0  heapauxi.o(.text)
    .text                                    0x0000033a   Section       62  sys_stackheap_outer.o(.text)
    .text                                    0x00000378   Section        0  exit.o(.text)
    .text                                    0x00000388   Section        8  libspace.o(.text)
    .text                                    0x00000390   Section        0  sys_exit.o(.text)
    .text                                    0x0000039c   Section        2  use_no_semi.o(.text)
    .text                                    0x0000039e   Section        0  indicate_semi.o(.text)
    [Anonymous Symbol]                       0x000003a0   Section        0  main.o(.text.EINT1_IRQHandler)
    __arm_cp.31_2                            0x000003ec   Number         4  main.o(.text.EINT1_IRQHandler)
    __arm_cp.31_3                            0x000003f0   Number         4  main.o(.text.EINT1_IRQHandler)
    __arm_cp.31_4                            0x000003f4   Number         4  main.o(.text.EINT1_IRQHandler)
    [Anonymous Symbol]                       0x000003f8   Section        0  system_nuc100series.o(.text.SystemInit)
    [Anonymous Symbol]                       0x000003fc   Section        0  main.o(.text.TMR0_IRQHandler)
    __arm_cp.30_0                            0x00000454   Number         4  main.o(.text.TMR0_IRQHandler)
    [Anonymous Symbol]                       0x00000458   Section        0  main.o(.text.checkStateForClock)
    __arm_cp.23_0                            0x000004bc   Number         4  main.o(.text.checkStateForClock)
    __arm_cp.23_1                            0x000004c0   Number         4  main.o(.text.checkStateForClock)
    [Anonymous Symbol]                       0x000004c4   Section        0  main.o(.text.displayEight)
    [Anonymous Symbol]                       0x00000508   Section        0  main.o(.text.displayFive)
    [Anonymous Symbol]                       0x0000054c   Section        0  main.o(.text.displayFour)
    [Anonymous Symbol]                       0x00000590   Section        0  main.o(.text.displayLapsRecord)
    __arm_cp.28_0                            0x000005bc   Number         4  main.o(.text.displayLapsRecord)
    [Anonymous Symbol]                       0x000005c0   Section        0  main.o(.text.displayNine)
    [Anonymous Symbol]                       0x00000604   Section        0  main.o(.text.displayOne)
    [Anonymous Symbol]                       0x00000648   Section        0  main.o(.text.displaySeven)
    [Anonymous Symbol]                       0x0000068c   Section        0  main.o(.text.displaySix)
    [Anonymous Symbol]                       0x000006d0   Section        0  main.o(.text.displayThree)
    [Anonymous Symbol]                       0x00000714   Section        0  main.o(.text.displayTwo)
    [Anonymous Symbol]                       0x00000758   Section        0  main.o(.text.displayZero)
    __arm_cp.8_0                             0x0000079c   Number         4  main.o(.text.displayZero)
    [Anonymous Symbol]                       0x000007a0   Section        0  main.o(.text.enableClockSource)
    __arm_cp.0_0                             0x000007e0   Number         4  main.o(.text.enableClockSource)
    [Anonymous Symbol]                       0x000007e4   Section        0  main.o(.text.enableTimer0)
    __arm_cp.2_0                             0x0000084c   Number         4  main.o(.text.enableTimer0)
    __arm_cp.2_3                             0x00000850   Number         4  main.o(.text.enableTimer0)
    [Anonymous Symbol]                       0x00000854   Section        0  main.o(.text.enterDisplay)
    [Anonymous Symbol]                       0x00000868   Section        0  main.o(.text.exitDisplay)
    __arm_cp.27_0                            0x00000880   Number         4  main.o(.text.exitDisplay)
    [Anonymous Symbol]                       0x00000884   Section        0  main.o(.text.main)
    __arm_cp.29_0                            0x000009d0   Number         4  main.o(.text.main)
    __arm_cp.29_1                            0x000009d4   Number         4  main.o(.text.main)
    __arm_cp.29_2                            0x000009d8   Number         4  main.o(.text.main)
    __arm_cp.29_3                            0x000009dc   Number         4  main.o(.text.main)
    [Anonymous Symbol]                       0x000009e0   Section        0  main.o(.text.resetCounters)
    [Anonymous Symbol]                       0x00000a08   Section        0  main.o(.text.saveToHistory)
    __arm_cp.24_0                            0x00000a3c   Number         4  main.o(.text.saveToHistory)
    [Anonymous Symbol]                       0x00000a40   Section        0  main.o(.text.setupGPIO)
    __arm_cp.1_0                             0x00000abc   Number         4  main.o(.text.setupGPIO)
    __arm_cp.1_1                             0x00000ac0   Number         4  main.o(.text.setupGPIO)
    __arm_cp.1_2                             0x00000ac4   Number         4  main.o(.text.setupGPIO)
    __arm_cp.1_3                             0x00000ac8   Number         4  main.o(.text.setupGPIO)
    __arm_cp.1_4                             0x00000acc   Number         4  main.o(.text.setupGPIO)
    __arm_cp.1_5                             0x00000ad0   Number         4  main.o(.text.setupGPIO)
    __arm_cp.1_6                             0x00000ad4   Number         4  main.o(.text.setupGPIO)
    __arm_cp.1_7                             0x00000ad8   Number         4  main.o(.text.setupGPIO)
    [Anonymous Symbol]                       0x00000adc   Section        0  main.o(.text.setupKeyMatrix)
    __arm_cp.20_0                            0x00000b18   Number         4  main.o(.text.setupKeyMatrix)
    [Anonymous Symbol]                       0x00000b1c   Section        0  main.o(.text.showNumbers)
    __arm_cp.19_0                            0x00000b60   Number         4  main.o(.text.showNumbers)
    __arm_cp.19_1                            0x00000b64   Number         4  main.o(.text.showNumbers)
    [Anonymous Symbol]                       0x00000b68   Section        0  main.o(.text.turnOffDigit)
    __arm_cp.7_0                             0x00000bac   Number         4  main.o(.text.turnOffDigit)
    [Anonymous Symbol]                       0x00000bb0   Section        0  main.o(.text.turnOnU11)
    [Anonymous Symbol]                       0x00000bd4   Section        0  main.o(.text.turnOnU12)
    [Anonymous Symbol]                       0x00000bf8   Section        0  main.o(.text.turnOnU13)
    [Anonymous Symbol]                       0x00000c1c   Section        0  main.o(.text.turnOnU14)
    __arm_cp.3_0                             0x00000c40   Number         4  main.o(.text.turnOnU14)
    [Anonymous Symbol]                       0x00000c44   Section        0  main.o(.text.updateDigit)
    [Anonymous Symbol]                       0x20000000   Section        0  system_nuc100series.o(.data..L_MergedGlobals)
    .bss                                     0x20000030   Section       96  libspace.o(.bss)
    [Anonymous Symbol]                       0x20000090   Section        0  main.o(.bss..L_MergedGlobals)
    Heap_Mem                                 0x20000108   Data           0  startup_nuc100series.o(HEAP)
    Stack_Mem                                0x20000108   Data        1024  startup_nuc100series.o(STACK)
    HEAP                                     0x20000108   Section        0  startup_nuc100series.o(HEAP)
    STACK                                    0x20000108   Section     1024  startup_nuc100series.o(STACK)
    __initial_sp                             0x20000508   Data           0  startup_nuc100series.o(STACK)

    Global Symbols

    Symbol Name                              Value     Ov Type        Size  Object(Section)

    BuildAttributes$$THM_ISAv3M$S$PE$A:L22$X:L11$S22$IEEE1$IW$~IW$USESV6$~STKCKD$USESV7$~SHL$OSPACE$ROPI$EBA8$UX$STANDARDLIB$REQ8$PRES8$EABIv2 0x00000000   Number         0  anon$$obj.o ABSOLUTE
    __Vectors                                0x00000000   Data           4  startup_nuc100series.o(RESET)
    __ARM_exceptions_init                     - Undefined Weak Reference
    __alloca_initialize                       - Undefined Weak Reference
    __arm_preinit_                            - Undefined Weak Reference
    __cpp_initialize__aeabi_                  - Undefined Weak Reference
    __cxa_finalize                            - Undefined Weak Reference
    __rt_locale                               - Undefined Weak Reference
    __sigvec_lookup                           - Undefined Weak Reference
    _atexit_init                              - Undefined Weak Reference
    _call_atexit_fns                          - Undefined Weak Reference
    _clock_init                               - Undefined Weak Reference
    _fp_trap_init                             - Undefined Weak Reference
    _fp_trap_shutdown                         - Undefined Weak Reference
    _get_lc_collate                           - Undefined Weak Reference
    _get_lc_ctype                             - Undefined Weak Reference
    _get_lc_monetary                          - Undefined Weak Reference
    _get_lc_numeric                           - Undefined Weak Reference
    _get_lc_time                              - Undefined Weak Reference
    _getenv_init                              - Undefined Weak Reference
    _handle_redirection                       - Undefined Weak Reference
    _init_alloc                               - Undefined Weak Reference
    _init_user_alloc                          - Undefined Weak Reference
    _initio                                   - Undefined Weak Reference
    _rand_init                                - Undefined Weak Reference
    _signal_finish                            - Undefined Weak Reference
    _signal_init                              - Undefined Weak Reference
    _terminate_alloc                          - Undefined Weak Reference
    _terminate_user_alloc                     - Undefined Weak Reference
    _terminateio                              - Undefined Weak Reference
    __main                                   0x000000c1   Thumb Code     8  __main.o(!!!main)
    __scatterload                            0x000000c9   Thumb Code     0  __scatter.o(!!!scatter)
    __scatterload_rt2                        0x000000c9   Thumb Code    52  __scatter.o(!!!scatter)
    __scatterload_rt2_thumb_only             0x000000c9   Thumb Code     0  __scatter.o(!!!scatter)
    __scatterload_null                       0x000000d9   Thumb Code     0  __scatter.o(!!!scatter)
    __scatterload_copy                       0x00000105   Thumb Code    26  __scatter_copy.o(!!handler_copy)
    __scatterload_zeroinit                   0x00000121   Thumb Code    28  __scatter_zi.o(!!handler_zi)
    __rt_lib_init                            0x0000013d   Thumb Code     0  libinit.o(.ARM.Collect$$libinit$$00000000)
    __rt_lib_init_alloca_1                   0x0000013f   Thumb Code     0  libinit2.o(.ARM.Collect$$libinit$$0000002E)
    __rt_lib_init_argv_1                     0x0000013f   Thumb Code     0  libinit2.o(.ARM.Collect$$libinit$$0000002C)
    __rt_lib_init_atexit_1                   0x0000013f   Thumb Code     0  libinit2.o(.ARM.Collect$$libinit$$0000001B)
    __rt_lib_init_clock_1                    0x0000013f   Thumb Code     0  libinit2.o(.ARM.Collect$$libinit$$00000021)
    __rt_lib_init_cpp_1                      0x0000013f   Thumb Code     0  libinit2.o(.ARM.Collect$$libinit$$00000032)
    __rt_lib_init_exceptions_1               0x0000013f   Thumb Code     0  libinit2.o(.ARM.Collect$$libinit$$00000030)
    __rt_lib_init_fp_1                       0x0000013f   Thumb Code     0  libinit2.o(.ARM.Collect$$libinit$$00000002)
    __rt_lib_init_fp_trap_1                  0x0000013f   Thumb Code     0  libinit2.o(.ARM.Collect$$libinit$$0000001F)
    __rt_lib_init_getenv_1                   0x0000013f   Thumb Code     0  libinit2.o(.ARM.Collect$$libinit$$00000023)
    __rt_lib_init_heap_1                     0x0000013f   Thumb Code     0  libinit2.o(.ARM.Collect$$libinit$$0000000A)
    __rt_lib_init_lc_collate_1               0x0000013f   Thumb Code     0  libinit2.o(.ARM.Collect$$libinit$$00000011)
    __rt_lib_init_lc_ctype_1                 0x0000013f   Thumb Code     0  libinit2.o(.ARM.Collect$$libinit$$00000013)
    __rt_lib_init_lc_monetary_1              0x0000013f   Thumb Code     0  libinit2.o(.ARM.Collect$$libinit$$00000015)
    __rt_lib_init_lc_numeric_1               0x0000013f   Thumb Code     0  libinit2.o(.ARM.Collect$$libinit$$00000017)
    __rt_lib_init_lc_time_1                  0x0000013f   Thumb Code     0  libinit2.o(.ARM.Collect$$libinit$$00000019)
    __rt_lib_init_preinit_1                  0x0000013f   Thumb Code     0  libinit2.o(.ARM.Collect$$libinit$$00000004)
    __rt_lib_init_rand_1                     0x0000013f   Thumb Code     0  libinit2.o(.ARM.Collect$$libinit$$0000000E)
    __rt_lib_init_return                     0x0000013f   Thumb Code     0  libinit2.o(.ARM.Collect$$libinit$$00000033)
    __rt_lib_init_signal_1                   0x0000013f   Thumb Code     0  libinit2.o(.ARM.Collect$$libinit$$0000001D)
    __rt_lib_init_stdio_1                    0x0000013f   Thumb Code     0  libinit2.o(.ARM.Collect$$libinit$$00000025)
    __rt_lib_init_user_alloc_1               0x0000013f   Thumb Code     0  libinit2.o(.ARM.Collect$$libinit$$0000000C)
    __rt_lib_shutdown                        0x00000141   Thumb Code     0  libshutdown.o(.ARM.Collect$$libshutdown$$00000000)
    __rt_lib_shutdown_cpp_1                  0x00000143   Thumb Code     0  libshutdown2.o(.ARM.Collect$$libshutdown$$00000002)
    __rt_lib_shutdown_fp_trap_1              0x00000143   Thumb Code     0  libshutdown2.o(.ARM.Collect$$libshutdown$$00000007)
    __rt_lib_shutdown_heap_1                 0x00000143   Thumb Code     0  libshutdown2.o(.ARM.Collect$$libshutdown$$0000000F)
    __rt_lib_shutdown_return                 0x00000143   Thumb Code     0  libshutdown2.o(.ARM.Collect$$libshutdown$$00000010)
    __rt_lib_shutdown_signal_1               0x00000143   Thumb Code     0  libshutdown2.o(.ARM.Collect$$libshutdown$$0000000A)
    __rt_lib_shutdown_stdio_1                0x00000143   Thumb Code     0  libshutdown2.o(.ARM.Collect$$libshutdown$$00000004)
    __rt_lib_shutdown_user_alloc_1           0x00000143   Thumb Code     0  libshutdown2.o(.ARM.Collect$$libshutdown$$0000000C)
    __rt_entry                               0x00000145   Thumb Code     0  __rtentry.o(.ARM.Collect$$rtentry$$00000000)
    __rt_entry_presh_1                       0x00000145   Thumb Code     0  __rtentry2.o(.ARM.Collect$$rtentry$$00000002)
    __rt_entry_sh                            0x00000145   Thumb Code     0  __rtentry4.o(.ARM.Collect$$rtentry$$00000004)
    __rt_entry_li                            0x0000014b   Thumb Code     0  __rtentry2.o(.ARM.Collect$$rtentry$$0000000A)
    __rt_entry_postsh_1                      0x0000014b   Thumb Code     0  __rtentry2.o(.ARM.Collect$$rtentry$$00000009)
    __rt_entry_main                          0x0000014f   Thumb Code     0  __rtentry2.o(.ARM.Collect$$rtentry$$0000000D)
    __rt_entry_postli_1                      0x0000014f   Thumb Code     0  __rtentry2.o(.ARM.Collect$$rtentry$$0000000C)
    __rt_exit                                0x00000157   Thumb Code     0  rtexit.o(.ARM.Collect$$rtexit$$00000000)
    __rt_exit_ls                             0x00000159   Thumb Code     0  rtexit2.o(.ARM.Collect$$rtexit$$00000003)
    __rt_exit_prels_1                        0x00000159   Thumb Code     0  rtexit2.o(.ARM.Collect$$rtexit$$00000002)
    __rt_exit_exit                           0x0000015d   Thumb Code     0  rtexit2.o(.ARM.Collect$$rtexit$$00000004)
    Reset_Handler                            0x00000165   Thumb Code    32  startup_nuc100series.o(.text)
    NMI_Handler                              0x00000185   Thumb Code     2  startup_nuc100series.o(.text)
    HardFault_Handler                        0x00000187   Thumb Code     2  startup_nuc100series.o(.text)
    SVC_Handler                              0x00000189   Thumb Code     2  startup_nuc100series.o(.text)
    PendSV_Handler                           0x0000018b   Thumb Code     2  startup_nuc100series.o(.text)
    SysTick_Handler                          0x0000018d   Thumb Code     2  startup_nuc100series.o(.text)
    ACMP_IRQHandler                          0x0000018f   Thumb Code     0  startup_nuc100series.o(.text)
    ADC_IRQHandler                           0x0000018f   Thumb Code     0  startup_nuc100series.o(.text)
    BOD_IRQHandler                           0x0000018f   Thumb Code     0  startup_nuc100series.o(.text)
    CAN0_IRQHandler                          0x0000018f   Thumb Code     0  startup_nuc100series.o(.text)
    CAN1_IRQHandler                          0x0000018f   Thumb Code     0  startup_nuc100series.o(.text)
    EINT0_IRQHandler                         0x0000018f   Thumb Code     0  startup_nuc100series.o(.text)
    GPAB_IRQHandler                          0x0000018f   Thumb Code     0  startup_nuc100series.o(.text)
    GPCDEF_IRQHandler                        0x0000018f   Thumb Code     0  startup_nuc100series.o(.text)
    I2C0_IRQHandler                          0x0000018f   Thumb Code     0  startup_nuc100series.o(.text)
    I2C1_IRQHandler                          0x0000018f   Thumb Code     0  startup_nuc100series.o(.text)
    I2S_IRQHandler                           0x0000018f   Thumb Code     0  startup_nuc100series.o(.text)
    PDMA_IRQHandler                          0x0000018f   Thumb Code     0  startup_nuc100series.o(.text)
    PS2_IRQHandler                           0x0000018f   Thumb Code     0  startup_nuc100series.o(.text)
    PWM0_IRQHandler                          0x0000018f   Thumb Code     0  startup_nuc100series.o(.text)
    PWM1_IRQHandler                          0x0000018f   Thumb Code     0  startup_nuc100series.o(.text)
    PWRWU_IRQHandler                         0x0000018f   Thumb Code     0  startup_nuc100series.o(.text)
    RTC_IRQHandler                           0x0000018f   Thumb Code     0  startup_nuc100series.o(.text)
    SC012_IRQHandler                         0x0000018f   Thumb Code     0  startup_nuc100series.o(.text)
    SPI0_IRQHandler                          0x0000018f   Thumb Code     0  startup_nuc100series.o(.text)
    SPI1_IRQHandler                          0x0000018f   Thumb Code     0  startup_nuc100series.o(.text)
    SPI2_IRQHandler                          0x0000018f   Thumb Code     0  startup_nuc100series.o(.text)
    SPI3_IRQHandler                          0x0000018f   Thumb Code     0  startup_nuc100series.o(.text)
    TMR1_IRQHandler                          0x0000018f   Thumb Code     0  startup_nuc100series.o(.text)
    TMR2_IRQHandler                          0x0000018f   Thumb Code     0  startup_nuc100series.o(.text)
    TMR3_IRQHandler                          0x0000018f   Thumb Code     0  startup_nuc100series.o(.text)
    UART02_IRQHandler                        0x0000018f   Thumb Code     0  startup_nuc100series.o(.text)
    UART1_IRQHandler                         0x0000018f   Thumb Code     0  startup_nuc100series.o(.text)
    USBD_IRQHandler                          0x0000018f   Thumb Code     0  startup_nuc100series.o(.text)
    WDT_IRQHandler                           0x0000018f   Thumb Code     0  startup_nuc100series.o(.text)
    __user_initial_stackheap                 0x00000191   Thumb Code     0  startup_nuc100series.o(.text)
    __aeabi_uidiv                            0x000001c9   Thumb Code     0  aeabi_sdiv.o(.text)
    __aeabi_uidivmod                         0x000001c9   Thumb Code    20  aeabi_sdiv.o(.text)
    __aeabi_idiv                             0x000001dd   Thumb Code     0  aeabi_sdiv.o(.text)
    __aeabi_idivmod                          0x000001dd   Thumb Code   338  aeabi_sdiv.o(.text)
    __use_two_region_memory                  0x00000335   Thumb Code     2  heapauxi.o(.text)
    __rt_heap_escrow$2region                 0x00000337   Thumb Code     2  heapauxi.o(.text)
    __rt_heap_expand$2region                 0x00000339   Thumb Code     2  heapauxi.o(.text)
    __user_setup_stackheap                   0x0000033b   Thumb Code    62  sys_stackheap_outer.o(.text)
    exit                                     0x00000379   Thumb Code    16  exit.o(.text)
    __user_libspace                          0x00000389   Thumb Code     8  libspace.o(.text)
    __user_perproc_libspace                  0x00000389   Thumb Code     0  libspace.o(.text)
    __user_perthread_libspace                0x00000389   Thumb Code     0  libspace.o(.text)
    _sys_exit                                0x00000391   Thumb Code     8  sys_exit.o(.text)
    __I$use$semihosting                      0x0000039d   Thumb Code     0  use_no_semi.o(.text)
    __use_no_semihosting_swi                 0x0000039d   Thumb Code     2  use_no_semi.o(.text)
    __semihosting_library_function           0x0000039f   Thumb Code     0  indicate_semi.o(.text)
    EINT1_IRQHandler                         0x000003a1   Thumb Code    88  main.o(.text.EINT1_IRQHandler)
    SystemInit                               0x000003f9   Thumb Code     2  system_nuc100series.o(.text.SystemInit)
    TMR0_IRQHandler                          0x000003fd   Thumb Code    92  main.o(.text.TMR0_IRQHandler)
    checkStateForClock                       0x00000459   Thumb Code   108  main.o(.text.checkStateForClock)
    displayEight                             0x000004c5   Thumb Code    68  main.o(.text.displayEight)
    displayFive                              0x00000509   Thumb Code    68  main.o(.text.displayFive)
    displayFour                              0x0000054d   Thumb Code    68  main.o(.text.displayFour)
    displayLapsRecord                        0x00000591   Thumb Code    48  main.o(.text.displayLapsRecord)
    displayNine                              0x000005c1   Thumb Code    68  main.o(.text.displayNine)
    displayOne                               0x00000605   Thumb Code    68  main.o(.text.displayOne)
    displaySeven                             0x00000649   Thumb Code    68  main.o(.text.displaySeven)
    displaySix                               0x0000068d   Thumb Code    68  main.o(.text.displaySix)
    displayThree                             0x000006d1   Thumb Code    68  main.o(.text.displayThree)
    displayTwo                               0x00000715   Thumb Code    68  main.o(.text.displayTwo)
    displayZero                              0x00000759   Thumb Code    72  main.o(.text.displayZero)
    enableClockSource                        0x000007a1   Thumb Code    68  main.o(.text.enableClockSource)
    enableTimer0                             0x000007e5   Thumb Code   112  main.o(.text.enableTimer0)
    enterDisplay                             0x00000855   Thumb Code    20  main.o(.text.enterDisplay)
    exitDisplay                              0x00000869   Thumb Code    28  main.o(.text.exitDisplay)
    main                                     0x00000885   Thumb Code   348  main.o(.text.main)
    resetCounters                            0x000009e1   Thumb Code    40  main.o(.text.resetCounters)
    saveToHistory                            0x00000a09   Thumb Code    56  main.o(.text.saveToHistory)
    setupGPIO                                0x00000a41   Thumb Code   156  main.o(.text.setupGPIO)
    setupKeyMatrix                           0x00000add   Thumb Code    64  main.o(.text.setupKeyMatrix)
    showNumbers                              0x00000b1d   Thumb Code    76  main.o(.text.showNumbers)
    turnOffDigit                             0x00000b69   Thumb Code    72  main.o(.text.turnOffDigit)
    turnOnU11                                0x00000bb1   Thumb Code    36  main.o(.text.turnOnU11)
    turnOnU12                                0x00000bd5   Thumb Code    36  main.o(.text.turnOnU12)
    turnOnU13                                0x00000bf9   Thumb Code    36  main.o(.text.turnOnU13)
    turnOnU14                                0x00000c1d   Thumb Code    40  main.o(.text.turnOnU14)
    updateDigit                              0x00000c45   Thumb Code    86  main.o(.text.updateDigit)
    Region$$Table$$Base                      0x00000c9c   Number         0  anon$$obj.o(Region$$Table)
    Region$$Table$$Limit                     0x00000cbc   Number         0  anon$$obj.o(Region$$Table)
    SystemCoreClock                          0x20000000   Data           4  system_nuc100series.o(.data..L_MergedGlobals)
    CyclesPerUs                              0x20000004   Data           4  system_nuc100series.o(.data..L_MergedGlobals)
    PllClock                                 0x20000008   Data           4  system_nuc100series.o(.data..L_MergedGlobals)
    gau32ClkSrcTbl                           0x2000000c   Data          32  system_nuc100series.o(.data..L_MergedGlobals)
    state                                    0x2000002c   Data           1  main.o(.data.state)
    __libspace_start                         0x20000030   Data          96  libspace.o(.bss)
    __temporary_stack_top$libspace           0x20000090   Data           0  libspace.o(.bss)
    countU14                                 0x20000090   Data           4  main.o(.bss..L_MergedGlobals)
    countU13                                 0x20000094   Data           4  main.o(.bss..L_MergedGlobals)
    countU12                                 0x20000098   Data           4  main.o(.bss..L_MergedGlobals)
    countU11                                 0x2000009c   Data           4  main.o(.bss..L_MergedGlobals)
    countU14temp                             0x200000a0   Data           4  main.o(.bss..L_MergedGlobals)
    countU13temp                             0x200000a4   Data           4  main.o(.bss..L_MergedGlobals)
    countU12temp                             0x200000a8   Data           4  main.o(.bss..L_MergedGlobals)
    countU11temp                             0x200000ac   Data           4  main.o(.bss..L_MergedGlobals)
    history_index                            0x200000b0   Data           4  main.o(.bss..L_MergedGlobals)
    display_index                            0x200000b4   Data           4  main.o(.bss..L_MergedGlobals)
    history                                  0x200000b8   Data          80  main.o(.bss..L_MergedGlobals)



==============================================================================

Memory Map of the image

  Image Entry point : 0x00000165

  Load Region LR_1 (Base: 0x00000000, Size: 0x00000cec, Max: 0xffffffff, ABSOLUTE)

    Execution Region ER_RO (Exec base: 0x00000000, Load base: 0x00000000, Size: 0x00000cbc, Max: 0xffffffff, ABSOLUTE)

    Exec Addr    Load Addr    Size         Type   Attr      Idx    E Section Name        Object

    0x00000000   0x00000000   0x000000c0   Data   RO           91    RESET               startup_nuc100series.o
    0x000000c0   0x000000c0   0x00000008   Code   RO          205  * !!!main             c_p.l(__main.o)
    0x000000c8   0x000000c8   0x0000003c   Code   RO          380    !!!scatter          c_p.l(__scatter.o)
    0x00000104   0x00000104   0x0000001a   Code   RO          382    !!handler_copy      c_p.l(__scatter_copy.o)
    0x0000011e   0x0000011e   0x00000002   PAD
    0x00000120   0x00000120   0x0000001c   Code   RO          384    !!handler_zi        c_p.l(__scatter_zi.o)
    0x0000013c   0x0000013c   0x00000002   Code   RO          243    .ARM.Collect$$libinit$$00000000  c_p.l(libinit.o)
    0x0000013e   0x0000013e   0x00000000   Code   RO          257    .ARM.Collect$$libinit$$00000002  c_p.l(libinit2.o)
    0x0000013e   0x0000013e   0x00000000   Code   RO          259    .ARM.Collect$$libinit$$00000004  c_p.l(libinit2.o)
    0x0000013e   0x0000013e   0x00000000   Code   RO          262    .ARM.Collect$$libinit$$0000000A  c_p.l(libinit2.o)
    0x0000013e   0x0000013e   0x00000000   Code   RO          264    .ARM.Collect$$libinit$$0000000C  c_p.l(libinit2.o)
    0x0000013e   0x0000013e   0x00000000   Code   RO          266    .ARM.Collect$$libinit$$0000000E  c_p.l(libinit2.o)
    0x0000013e   0x0000013e   0x00000000   Code   RO          269    .ARM.Collect$$libinit$$00000011  c_p.l(libinit2.o)
    0x0000013e   0x0000013e   0x00000000   Code   RO          271    .ARM.Collect$$libinit$$00000013  c_p.l(libinit2.o)
    0x0000013e   0x0000013e   0x00000000   Code   RO          273    .ARM.Collect$$libinit$$00000015  c_p.l(libinit2.o)
    0x0000013e   0x0000013e   0x00000000   Code   RO          275    .ARM.Collect$$libinit$$00000017  c_p.l(libinit2.o)
    0x0000013e   0x0000013e   0x00000000   Code   RO          277    .ARM.Collect$$libinit$$00000019  c_p.l(libinit2.o)
    0x0000013e   0x0000013e   0x00000000   Code   RO          279    .ARM.Collect$$libinit$$0000001B  c_p.l(libinit2.o)
    0x0000013e   0x0000013e   0x00000000   Code   RO          281    .ARM.Collect$$libinit$$0000001D  c_p.l(libinit2.o)
    0x0000013e   0x0000013e   0x00000000   Code   RO          283    .ARM.Collect$$libinit$$0000001F  c_p.l(libinit2.o)
    0x0000013e   0x0000013e   0x00000000   Code   RO          285    .ARM.Collect$$libinit$$00000021  c_p.l(libinit2.o)
    0x0000013e   0x0000013e   0x00000000   Code   RO          287    .ARM.Collect$$libinit$$00000023  c_p.l(libinit2.o)
    0x0000013e   0x0000013e   0x00000000   Code   RO          289    .ARM.Collect$$libinit$$00000025  c_p.l(libinit2.o)
    0x0000013e   0x0000013e   0x00000000   Code   RO          293    .ARM.Collect$$libinit$$0000002C  c_p.l(libinit2.o)
    0x0000013e   0x0000013e   0x00000000   Code   RO          295    .ARM.Collect$$libinit$$0000002E  c_p.l(libinit2.o)
    0x0000013e   0x0000013e   0x00000000   Code   RO          297    .ARM.Collect$$libinit$$00000030  c_p.l(libinit2.o)
    0x0000013e   0x0000013e   0x00000000   Code   RO          299    .ARM.Collect$$libinit$$00000032  c_p.l(libinit2.o)
    0x0000013e   0x0000013e   0x00000002   Code   RO          300    .ARM.Collect$$libinit$$00000033  c_p.l(libinit2.o)
    0x00000140   0x00000140   0x00000002   Code   RO          335    .ARM.Collect$$libshutdown$$00000000  c_p.l(libshutdown.o)
    0x00000142   0x00000142   0x00000000   Code   RO          363    .ARM.Collect$$libshutdown$$00000002  c_p.l(libshutdown2.o)
    0x00000142   0x00000142   0x00000000   Code   RO          365    .ARM.Collect$$libshutdown$$00000004  c_p.l(libshutdown2.o)
    0x00000142   0x00000142   0x00000000   Code   RO          368    .ARM.Collect$$libshutdown$$00000007  c_p.l(libshutdown2.o)
    0x00000142   0x00000142   0x00000000   Code   RO          371    .ARM.Collect$$libshutdown$$0000000A  c_p.l(libshutdown2.o)
    0x00000142   0x00000142   0x00000000   Code   RO          373    .ARM.Collect$$libshutdown$$0000000C  c_p.l(libshutdown2.o)
    0x00000142   0x00000142   0x00000000   Code   RO          376    .ARM.Collect$$libshutdown$$0000000F  c_p.l(libshutdown2.o)
    0x00000142   0x00000142   0x00000002   Code   RO          377    .ARM.Collect$$libshutdown$$00000010  c_p.l(libshutdown2.o)
    0x00000144   0x00000144   0x00000000   Code   RO          207    .ARM.Collect$$rtentry$$00000000  c_p.l(__rtentry.o)
    0x00000144   0x00000144   0x00000000   Code   RO          213    .ARM.Collect$$rtentry$$00000002  c_p.l(__rtentry2.o)
    0x00000144   0x00000144   0x00000006   Code   RO          225    .ARM.Collect$$rtentry$$00000004  c_p.l(__rtentry4.o)
    0x0000014a   0x0000014a   0x00000000   Code   RO          215    .ARM.Collect$$rtentry$$00000009  c_p.l(__rtentry2.o)
    0x0000014a   0x0000014a   0x00000004   Code   RO          216    .ARM.Collect$$rtentry$$0000000A  c_p.l(__rtentry2.o)
    0x0000014e   0x0000014e   0x00000000   Code   RO          218    .ARM.Collect$$rtentry$$0000000C  c_p.l(__rtentry2.o)
    0x0000014e   0x0000014e   0x00000008   Code   RO          219    .ARM.Collect$$rtentry$$0000000D  c_p.l(__rtentry2.o)
    0x00000156   0x00000156   0x00000002   Code   RO          248    .ARM.Collect$$rtexit$$00000000  c_p.l(rtexit.o)
    0x00000158   0x00000158   0x00000000   Code   RO          306    .ARM.Collect$$rtexit$$00000002  c_p.l(rtexit2.o)
    0x00000158   0x00000158   0x00000004   Code   RO          307    .ARM.Collect$$rtexit$$00000003  c_p.l(rtexit2.o)
    0x0000015c   0x0000015c   0x00000006   Code   RO          308    .ARM.Collect$$rtexit$$00000004  c_p.l(rtexit2.o)
    0x00000162   0x00000162   0x00000002   PAD
    0x00000164   0x00000164   0x00000064   Code   RO           92  * .text               startup_nuc100series.o
    0x000001c8   0x000001c8   0x0000016c   Code   RO          199    .text               c_p.l(aeabi_sdiv.o)
    0x00000334   0x00000334   0x00000006   Code   RO          203    .text               c_p.l(heapauxi.o)
    0x0000033a   0x0000033a   0x0000003e   Code   RO          229    .text               c_p.l(sys_stackheap_outer.o)
    0x00000378   0x00000378   0x00000010   Code   RO          232    .text               c_p.l(exit.o)
    0x00000388   0x00000388   0x00000008   Code   RO          244    .text               c_p.l(libspace.o)
    0x00000390   0x00000390   0x0000000c   Code   RO          301    .text               c_p.l(sys_exit.o)
    0x0000039c   0x0000039c   0x00000002   Code   RO          324    .text               c_p.l(use_no_semi.o)
    0x0000039e   0x0000039e   0x00000000   Code   RO          326    .text               c_p.l(indicate_semi.o)
    0x0000039e   0x0000039e   0x00000002   PAD
    0x000003a0   0x000003a0   0x00000058   Code   RO           64    .text.EINT1_IRQHandler  main.o
    0x000003f8   0x000003f8   0x00000002   Code   RO           79    .text.SystemInit    system_nuc100series.o
    0x000003fa   0x000003fa   0x00000002   PAD
    0x000003fc   0x000003fc   0x0000005c   Code   RO           62    .text.TMR0_IRQHandler  main.o
    0x00000458   0x00000458   0x0000006c   Code   RO           48    .text.checkStateForClock  main.o
    0x000004c4   0x000004c4   0x00000044   Code   RO           34    .text.displayEight  main.o
    0x00000508   0x00000508   0x00000044   Code   RO           28    .text.displayFive   main.o
    0x0000054c   0x0000054c   0x00000044   Code   RO           26    .text.displayFour   main.o
    0x00000590   0x00000590   0x00000030   Code   RO           58    .text.displayLapsRecord  main.o
    0x000005c0   0x000005c0   0x00000044   Code   RO           36    .text.displayNine   main.o
    0x00000604   0x00000604   0x00000044   Code   RO           20    .text.displayOne    main.o
    0x00000648   0x00000648   0x00000044   Code   RO           32    .text.displaySeven  main.o
    0x0000068c   0x0000068c   0x00000044   Code   RO           30    .text.displaySix    main.o
    0x000006d0   0x000006d0   0x00000044   Code   RO           24    .text.displayThree  main.o
    0x00000714   0x00000714   0x00000044   Code   RO           22    .text.displayTwo    main.o
    0x00000758   0x00000758   0x00000048   Code   RO           18    .text.displayZero   main.o
    0x000007a0   0x000007a0   0x00000044   Code   RO            2    .text.enableClockSource  main.o
    0x000007e4   0x000007e4   0x00000070   Code   RO            6    .text.enableTimer0  main.o
    0x00000854   0x00000854   0x00000014   Code   RO           54    .text.enterDisplay  main.o
    0x00000868   0x00000868   0x0000001c   Code   RO           56    .text.exitDisplay   main.o
    0x00000884   0x00000884   0x0000015c   Code   RO           60    .text.main          main.o
    0x000009e0   0x000009e0   0x00000028   Code   RO           52    .text.resetCounters  main.o
    0x00000a08   0x00000a08   0x00000038   Code   RO           50    .text.saveToHistory  main.o
    0x00000a40   0x00000a40   0x0000009c   Code   RO            4    .text.setupGPIO     main.o
    0x00000adc   0x00000adc   0x00000040   Code   RO           42    .text.setupKeyMatrix  main.o
    0x00000b1c   0x00000b1c   0x0000004c   Code   RO           40    .text.showNumbers   main.o
    0x00000b68   0x00000b68   0x00000048   Code   RO           16    .text.turnOffDigit  main.o
    0x00000bb0   0x00000bb0   0x00000024   Code   RO           14    .text.turnOnU11     main.o
    0x00000bd4   0x00000bd4   0x00000024   Code   RO           12    .text.turnOnU12     main.o
    0x00000bf8   0x00000bf8   0x00000024   Code   RO           10    .text.turnOnU13     main.o
    0x00000c1c   0x00000c1c   0x00000028   Code   RO            8    .text.turnOnU14     main.o
    0x00000c44   0x00000c44   0x00000056   Code   RO           38    .text.updateDigit   main.o
    0x00000c9a   0x00000c9a   0x00000002   PAD
    0x00000c9c   0x00000c9c   0x00000020   Data   RO          379    Region$$Table       anon$$obj.o


    Execution Region ER_RW (Exec base: 0x20000000, Load base: 0x00000cbc, Size: 0x00000030, Max: 0xffffffff, ABSOLUTE)

    Exec Addr    Load Addr    Size         Type   Attr      Idx    E Section Name        Object

    0x20000000   0x00000cbc   0x0000002c   Data   RW           81    .data..L_MergedGlobals  system_nuc100series.o
    0x2000002c   0x00000ce8   0x00000001   Data   RW           66    .data.state         main.o


    Execution Region ER_ZI (Exec base: 0x20000030, Load base: 0x00000cec, Size: 0x000004d8, Max: 0xffffffff, ABSOLUTE)

    Exec Addr    Load Addr    Size         Type   Attr      Idx    E Section Name        Object

    0x20000030        -       0x00000060   Zero   RW          245    .bss                c_p.l(libspace.o)
    0x20000090        -       0x00000078   Zero   RW           68    .bss..L_MergedGlobals  main.o
    0x20000108        -       0x00000000   Zero   RW           90    HEAP                startup_nuc100series.o
    0x20000108        -       0x00000400   Zero   RW           89    STACK               startup_nuc100series.o


==============================================================================

Image component sizes


      Code (inc. data)   RO Data    RW Data    ZI Data      Debug   Object Name

      2294        130          0          1        120       8235   main.o
       100         46        192          0       1024        716   startup_nuc100series.o
         2          0          0         44          0       2204   system_nuc100series.o

    ----------------------------------------------------------------------
      2400        176        224         48       1144      11155   Object Totals
         0          0         32          0          0          0   (incl. Generated)
         4          0          0          3          0          0   (incl. Padding)

    ----------------------------------------------------------------------

      Code (inc. data)   RO Data    RW Data    ZI Data      Debug   Library Member Name

         8          0          0          0          0         68   __main.o
         0          0          0          0          0          0   __rtentry.o
        12          0          0          0          0          0   __rtentry2.o
         6          0          0          0          0          0   __rtentry4.o
        60          8          0          0          0          0   __scatter.o
        26          0          0          0          0          0   __scatter_copy.o
        28          0          0          0          0          0   __scatter_zi.o
       364          4          0          0          0         92   aeabi_sdiv.o
        16          0          0          0          0         68   exit.o
         6          0          0          0          0        136   heapauxi.o
         0          0          0          0          0          0   indicate_semi.o
         2          0          0          0          0          0   libinit.o
         2          0          0          0          0          0   libinit2.o
         2          0          0          0          0          0   libshutdown.o
         2          0          0          0          0          0   libshutdown2.o
         8          4          0          0         96         68   libspace.o
         2          0          0          0          0          0   rtexit.o
        10          0          0          0          0          0   rtexit2.o
        12          4          0          0          0         60   sys_exit.o
        62          0          0          0          0         80   sys_stackheap_outer.o
         2          0          0          0          0         68   use_no_semi.o

    ----------------------------------------------------------------------
       636         20          0          0         96        640   Library Totals
         6          0          0          0          0          0   (incl. Padding)

    ----------------------------------------------------------------------

      Code (inc. data)   RO Data    RW Data    ZI Data      Debug   Library Name

       630         20          0          0         96        640   c_p.l

    ----------------------------------------------------------------------
       636         20          0          0         96        640   Library Totals

    ----------------------------------------------------------------------

==============================================================================


      Code (inc. data)   RO Data    RW Data    ZI Data      Debug   

      3036        196        224         48       1240      11635   Grand Totals
      3036        196        224         48       1240      11635   ELF Image Totals
      3036        196        224         48          0          0   ROM Totals

==============================================================================

    Total RO  Size (Code + RO Data)                 3260 (   3.18kB)
    Total RW  Size (RW Data + ZI Data)              1288 (   1.26kB)
    Total ROM Size (Code + RO Data + RW Data)       3308 (   3.23kB)

==============================================================================

